Archive member included because of file (symbol)

c:/program files (x86)/gnu tools arm embedded/4.8 2014q2/bin/../lib/gcc/arm-none-eabi/4.8.4/armv7e-m\libgcc.a(_arm_addsubsf3.o)
                              ..\obj\LIS3DSH.o (__aeabi_i2f)
c:/program files (x86)/gnu tools arm embedded/4.8 2014q2/bin/../lib/gcc/arm-none-eabi/4.8.4/armv7e-m\libgcc.a(_arm_muldivsf3.o)
                              ..\obj\LIS3DSH.o (__aeabi_fmul)

Discarded input sections

 .text          0x00000000        0x0 ..\obj\stm32f4xx_syscfg.o
 .data          0x00000000        0x0 ..\obj\stm32f4xx_syscfg.o
 .bss           0x00000000        0x0 ..\obj\stm32f4xx_syscfg.o
 .text.SYSCFG_DeInit
                0x00000000       0x1c ..\obj\stm32f4xx_syscfg.o
 .text.SYSCFG_MemoryRemapConfig
                0x00000000       0x20 ..\obj\stm32f4xx_syscfg.o
 .text.SYSCFG_ETH_MediaInterfaceConfig
                0x00000000       0x1c ..\obj\stm32f4xx_syscfg.o
 .text.SYSCFG_CompensationCellCmd
                0x00000000       0x20 ..\obj\stm32f4xx_syscfg.o
 .text.SYSCFG_GetCompensationCellStatus
                0x00000000       0x34 ..\obj\stm32f4xx_syscfg.o
 .text          0x00000000        0x0 ..\obj\LIS3DSH.o
 .data          0x00000000        0x0 ..\obj\LIS3DSH.o
 .bss           0x00000000        0x0 ..\obj\LIS3DSH.o
 .text.LIS3DSH_Read
                0x00000000       0x40 ..\obj\LIS3DSH.o
 .text.LIS3DSH_Set_Output_Feature
                0x00000000       0x1c ..\obj\LIS3DSH.o
 .text.LIS3DSH_Get_X_Out
                0x00000000       0x58 ..\obj\LIS3DSH.o
 .text.LIS3DSH_Get_Y_Out
                0x00000000       0x58 ..\obj\LIS3DSH.o
 .text.LIS3DSH_Get_Z_Out
                0x00000000       0x58 ..\obj\LIS3DSH.o
 .text          0x00000000        0x0 ..\obj\startup_stm32f4xx.o
 .data          0x00000000        0x0 ..\obj\startup_stm32f4xx.o
 .bss           0x00000000        0x0 ..\obj\startup_stm32f4xx.o
 .text          0x00000000        0x0 ..\obj\main.o
 .bss           0x00000000        0x0 ..\obj\main.o
 .text.pulsoLed
                0x00000000       0x28 ..\obj\main.o
 .text.Delay    0x00000000       0x20 ..\obj\main.o
 .text          0x00000000        0x0 ..\obj\stm32f4xx_rcc.o
 .data          0x00000000       0x10 ..\obj\stm32f4xx_rcc.o
 .bss           0x00000000        0x0 ..\obj\stm32f4xx_rcc.o
 .text.RCC_DeInit
                0x00000000       0x50 ..\obj\stm32f4xx_rcc.o
 .text.RCC_HSEConfig
                0x00000000       0x24 ..\obj\stm32f4xx_rcc.o
 .text.RCC_WaitForHSEStartUp
                0x00000000       0x50 ..\obj\stm32f4xx_rcc.o
 .text.RCC_AdjustHSICalibrationValue
                0x00000000       0x3c ..\obj\stm32f4xx_rcc.o
 .text.RCC_HSICmd
                0x00000000       0x20 ..\obj\stm32f4xx_rcc.o
 .text.RCC_LSEConfig
                0x00000000       0x40 ..\obj\stm32f4xx_rcc.o
 .text.RCC_LSICmd
                0x00000000       0x20 ..\obj\stm32f4xx_rcc.o
 .text.RCC_PLLConfig
                0x00000000       0x3c ..\obj\stm32f4xx_rcc.o
 .text.RCC_PLLCmd
                0x00000000       0x20 ..\obj\stm32f4xx_rcc.o
 .text.RCC_PLLI2SConfig
                0x00000000       0x28 ..\obj\stm32f4xx_rcc.o
 .text.RCC_PLLI2SCmd
                0x00000000       0x20 ..\obj\stm32f4xx_rcc.o
 .text.RCC_ClockSecuritySystemCmd
                0x00000000       0x20 ..\obj\stm32f4xx_rcc.o
 .text.RCC_MCO1Config
                0x00000000       0x3c ..\obj\stm32f4xx_rcc.o
 .text.RCC_MCO2Config
                0x00000000       0x3c ..\obj\stm32f4xx_rcc.o
 .text.RCC_SYSCLKConfig
                0x00000000       0x38 ..\obj\stm32f4xx_rcc.o
 .text.RCC_GetSYSCLKSource
                0x00000000       0x20 ..\obj\stm32f4xx_rcc.o
 .text.RCC_HCLKConfig
                0x00000000       0x38 ..\obj\stm32f4xx_rcc.o
 .text.RCC_PCLK1Config
                0x00000000       0x38 ..\obj\stm32f4xx_rcc.o
 .text.RCC_PCLK2Config
                0x00000000       0x38 ..\obj\stm32f4xx_rcc.o
 .text.RCC_GetClocksFreq
                0x00000000      0x154 ..\obj\stm32f4xx_rcc.o
 .text.RCC_RTCCLKConfig
                0x00000000       0x5c ..\obj\stm32f4xx_rcc.o
 .text.RCC_RTCCLKCmd
                0x00000000       0x20 ..\obj\stm32f4xx_rcc.o
 .text.RCC_BackupResetCmd
                0x00000000       0x20 ..\obj\stm32f4xx_rcc.o
 .text.RCC_I2SCLKConfig
                0x00000000       0x1c ..\obj\stm32f4xx_rcc.o
 .text.RCC_AHB2PeriphClockCmd
                0x00000000       0x3c ..\obj\stm32f4xx_rcc.o
 .text.RCC_AHB3PeriphClockCmd
                0x00000000       0x3c ..\obj\stm32f4xx_rcc.o
 .text.RCC_AHB1PeriphResetCmd
                0x00000000       0x3c ..\obj\stm32f4xx_rcc.o
 .text.RCC_AHB2PeriphResetCmd
                0x00000000       0x3c ..\obj\stm32f4xx_rcc.o
 .text.RCC_AHB3PeriphResetCmd
                0x00000000       0x3c ..\obj\stm32f4xx_rcc.o
 .text.RCC_APB1PeriphResetCmd
                0x00000000       0x3c ..\obj\stm32f4xx_rcc.o
 .text.RCC_APB2PeriphResetCmd
                0x00000000       0x3c ..\obj\stm32f4xx_rcc.o
 .text.RCC_AHB1PeriphClockLPModeCmd
                0x00000000       0x3c ..\obj\stm32f4xx_rcc.o
 .text.RCC_AHB2PeriphClockLPModeCmd
                0x00000000       0x3c ..\obj\stm32f4xx_rcc.o
 .text.RCC_AHB3PeriphClockLPModeCmd
                0x00000000       0x3c ..\obj\stm32f4xx_rcc.o
 .text.RCC_APB1PeriphClockLPModeCmd
                0x00000000       0x3c ..\obj\stm32f4xx_rcc.o
 .text.RCC_APB2PeriphClockLPModeCmd
                0x00000000       0x3c ..\obj\stm32f4xx_rcc.o
 .text.RCC_ITConfig
                0x00000000       0x48 ..\obj\stm32f4xx_rcc.o
 .text.RCC_GetFlagStatus
                0x00000000       0x74 ..\obj\stm32f4xx_rcc.o
 .text.RCC_ClearFlag
                0x00000000       0x1c ..\obj\stm32f4xx_rcc.o
 .text.RCC_GetITStatus
                0x00000000       0x38 ..\obj\stm32f4xx_rcc.o
 .text.RCC_ClearITPendingBit
                0x00000000       0x20 ..\obj\stm32f4xx_rcc.o
 .text          0x00000000        0x0 ..\obj\stm32f4xx_adc.o
 .data          0x00000000        0x0 ..\obj\stm32f4xx_adc.o
 .bss           0x00000000        0x0 ..\obj\stm32f4xx_adc.o
 .text.ADC_DeInit
                0x00000000       0x1c ..\obj\stm32f4xx_adc.o
 .text.ADC_AnalogWatchdogCmd
                0x00000000       0x38 ..\obj\stm32f4xx_adc.o
 .text.ADC_AnalogWatchdogThresholdsConfig
                0x00000000       0x28 ..\obj\stm32f4xx_adc.o
 .text.ADC_AnalogWatchdogSingleChannelConfig
                0x00000000       0x38 ..\obj\stm32f4xx_adc.o
 .text.ADC_TempSensorVrefintCmd
                0x00000000       0x38 ..\obj\stm32f4xx_adc.o
 .text.ADC_VBATCmd
                0x00000000       0x38 ..\obj\stm32f4xx_adc.o
 .text.ADC_GetSoftwareStartConvStatus
                0x00000000       0x30 ..\obj\stm32f4xx_adc.o
 .text.ADC_EOCOnEachRegularChannelCmd
                0x00000000       0x38 ..\obj\stm32f4xx_adc.o
 .text.ADC_ContinuousModeCmd
                0x00000000       0x38 ..\obj\stm32f4xx_adc.o
 .text.ADC_DiscModeChannelCountConfig
                0x00000000       0x44 ..\obj\stm32f4xx_adc.o
 .text.ADC_DiscModeCmd
                0x00000000       0x38 ..\obj\stm32f4xx_adc.o
 .text.ADC_GetMultiModeConversionValue
                0x00000000       0x18 ..\obj\stm32f4xx_adc.o
 .text.ADC_DMACmd
                0x00000000       0x38 ..\obj\stm32f4xx_adc.o
 .text.ADC_DMARequestAfterLastTransferCmd
                0x00000000       0x38 ..\obj\stm32f4xx_adc.o
 .text.ADC_MultiModeDMARequestAfterLastTransferCmd
                0x00000000       0x38 ..\obj\stm32f4xx_adc.o
 .text.ADC_InjectedChannelConfig
                0x00000000      0x114 ..\obj\stm32f4xx_adc.o
 .text.ADC_InjectedSequencerLengthConfig
                0x00000000       0x44 ..\obj\stm32f4xx_adc.o
 .text.ADC_SetInjectedOffset
                0x00000000       0x30 ..\obj\stm32f4xx_adc.o
 .text.ADC_ExternalTrigInjectedConvConfig
                0x00000000       0x34 ..\obj\stm32f4xx_adc.o
 .text.ADC_ExternalTrigInjectedConvEdgeConfig
                0x00000000       0x34 ..\obj\stm32f4xx_adc.o
 .text.ADC_SoftwareStartInjectedConv
                0x00000000       0x20 ..\obj\stm32f4xx_adc.o
 .text.ADC_GetSoftwareStartInjectedConvCmdStatus
                0x00000000       0x30 ..\obj\stm32f4xx_adc.o
 .text.ADC_AutoInjectedConvCmd
                0x00000000       0x38 ..\obj\stm32f4xx_adc.o
 .text.ADC_InjectedDiscModeCmd
                0x00000000       0x38 ..\obj\stm32f4xx_adc.o
 .text.ADC_GetInjectedConversionValue
                0x00000000       0x30 ..\obj\stm32f4xx_adc.o
 .text.ADC_ITConfig
                0x00000000       0x50 ..\obj\stm32f4xx_adc.o
 .text.ADC_ClearFlag
                0x00000000       0x20 ..\obj\stm32f4xx_adc.o
 .text.ADC_GetITStatus
                0x00000000       0x5c ..\obj\stm32f4xx_adc.o
 .text.ADC_ClearITPendingBit
                0x00000000       0x2c ..\obj\stm32f4xx_adc.o
 .text          0x00000000        0x0 ..\obj\stm32f4xx_gpio.o
 .data          0x00000000        0x0 ..\obj\stm32f4xx_gpio.o
 .bss           0x00000000        0x0 ..\obj\stm32f4xx_gpio.o
 .text.GPIO_DeInit
                0x00000000      0x120 ..\obj\stm32f4xx_gpio.o
 .text.GPIO_PinLockConfig
                0x00000000       0x44 ..\obj\stm32f4xx_gpio.o
 .text.GPIO_ReadInputDataBit
                0x00000000       0x34 ..\obj\stm32f4xx_gpio.o
 .text.GPIO_ReadInputData
                0x00000000       0x1c ..\obj\stm32f4xx_gpio.o
 .text.GPIO_ReadOutputDataBit
                0x00000000       0x34 ..\obj\stm32f4xx_gpio.o
 .text.GPIO_ReadOutputData
                0x00000000       0x1c ..\obj\stm32f4xx_gpio.o
 .text.GPIO_WriteBit
                0x00000000       0x30 ..\obj\stm32f4xx_gpio.o
 .text.GPIO_Write
                0x00000000       0x1c ..\obj\stm32f4xx_gpio.o
 .text          0x00000000        0x0 ..\obj\system_stm32f4xx.o
 .data          0x00000000       0x14 ..\obj\system_stm32f4xx.o
 .bss           0x00000000        0x0 ..\obj\system_stm32f4xx.o
 .text.SystemInit
                0x00000000       0x58 ..\obj\system_stm32f4xx.o
 .text.SystemCoreClockUpdate
                0x00000000       0xf8 ..\obj\system_stm32f4xx.o
 .text.SetSysClock
                0x00000000       0xf4 ..\obj\system_stm32f4xx.o
 .debug_info    0x00000000      0x592 ..\obj\system_stm32f4xx.o
 .debug_abbrev  0x00000000      0x136 ..\obj\system_stm32f4xx.o
 .debug_aranges
                0x00000000       0x30 ..\obj\system_stm32f4xx.o
 .debug_ranges  0x00000000       0x20 ..\obj\system_stm32f4xx.o
 .debug_line    0x00000000      0x248 ..\obj\system_stm32f4xx.o
 .debug_str     0x00000000      0x3d3 ..\obj\system_stm32f4xx.o
 .comment       0x00000000       0x71 ..\obj\system_stm32f4xx.o
 .ARM.attributes
                0x00000000       0x33 ..\obj\system_stm32f4xx.o
 .debug_frame   0x00000000       0x64 ..\obj\system_stm32f4xx.o
 .text          0x00000000        0x0 ..\obj\stm32f4xx_spi.o
 .data          0x00000000        0x0 ..\obj\stm32f4xx_spi.o
 .bss           0x00000000        0x0 ..\obj\stm32f4xx_spi.o
 .text.SPI_I2S_DeInit
                0x00000000       0x74 ..\obj\stm32f4xx_spi.o
 .text.I2S_Init
                0x00000000      0x1b0 ..\obj\stm32f4xx_spi.o
 .text.SPI_StructInit
                0x00000000       0x48 ..\obj\stm32f4xx_spi.o
 .text.I2S_StructInit
                0x00000000       0x38 ..\obj\stm32f4xx_spi.o
 .text.I2S_Cmd  0x00000000       0x40 ..\obj\stm32f4xx_spi.o
 .text.SPI_DataSizeConfig
                0x00000000       0x38 ..\obj\stm32f4xx_spi.o
 .text.SPI_BiDirectionalLineConfig
                0x00000000       0x40 ..\obj\stm32f4xx_spi.o
 .text.SPI_NSSInternalSoftwareConfig
                0x00000000       0x44 ..\obj\stm32f4xx_spi.o
 .text.SPI_SSOutputCmd
                0x00000000       0x40 ..\obj\stm32f4xx_spi.o
 .text.SPI_TIModeCmd
                0x00000000       0x40 ..\obj\stm32f4xx_spi.o
 .text.I2S_FullDuplexConfig
                0x00000000       0x9c ..\obj\stm32f4xx_spi.o
 .text.SPI_CalculateCRC
                0x00000000       0x40 ..\obj\stm32f4xx_spi.o
 .text.SPI_TransmitCRC
                0x00000000       0x24 ..\obj\stm32f4xx_spi.o
 .text.SPI_GetCRC
                0x00000000       0x34 ..\obj\stm32f4xx_spi.o
 .text.SPI_GetCRCPolynomial
                0x00000000       0x1c ..\obj\stm32f4xx_spi.o
 .text.SPI_I2S_DMACmd
                0x00000000       0x48 ..\obj\stm32f4xx_spi.o
 .text.SPI_I2S_ITConfig
                0x00000000       0x60 ..\obj\stm32f4xx_spi.o
 .text.SPI_I2S_ClearFlag
                0x00000000       0x20 ..\obj\stm32f4xx_spi.o
 .text.SPI_I2S_GetITStatus
                0x00000000       0x78 ..\obj\stm32f4xx_spi.o
 .text.SPI_I2S_ClearITPendingBit
                0x00000000       0x34 ..\obj\stm32f4xx_spi.o
 .text          0x00000000        0x0 ..\obj\bsp.o
 .text.sw_getState
                0x00000000       0x18 ..\obj\bsp.o
 .text.led_setBright
                0x00000000       0x40 ..\obj\bsp.o
 .text.bsp_delayMs
                0x00000000       0x2c ..\obj\bsp.o
 .text.bsp_get_acc
                0x00000000       0xd4 ..\obj\bsp.o
 .text          0x00000000        0x0 ..\obj\stm32f4xx_exti.o
 .data          0x00000000        0x0 ..\obj\stm32f4xx_exti.o
 .bss           0x00000000        0x0 ..\obj\stm32f4xx_exti.o
 .text.EXTI_DeInit
                0x00000000       0x34 ..\obj\stm32f4xx_exti.o
 .text.EXTI_StructInit
                0x00000000       0x2c ..\obj\stm32f4xx_exti.o
 .text.EXTI_GenerateSWInterrupt
                0x00000000       0x24 ..\obj\stm32f4xx_exti.o
 .text.EXTI_GetFlagStatus
                0x00000000       0x34 ..\obj\stm32f4xx_exti.o
 .text.EXTI_ClearITPendingBit
                0x00000000       0x1c ..\obj\stm32f4xx_exti.o
 .text          0x00000000        0x0 ..\obj\misc.o
 .data          0x00000000        0x0 ..\obj\misc.o
 .bss           0x00000000        0x0 ..\obj\misc.o
 .text.NVIC_PriorityGroupConfig
                0x00000000       0x24 ..\obj\misc.o
 .text.NVIC_SetVectorTable
                0x00000000       0x2c ..\obj\misc.o
 .text.NVIC_SystemLPConfig
                0x00000000       0x40 ..\obj\misc.o
 .text.SysTick_CLKSourceConfig
                0x00000000       0x38 ..\obj\misc.o
 .text          0x00000000        0x0 ..\obj\stm32f4xx_tim.o
 .data          0x00000000        0x0 ..\obj\stm32f4xx_tim.o
 .bss           0x00000000        0x0 ..\obj\stm32f4xx_tim.o
 .text.TIM_DeInit
                0x00000000      0x1bc ..\obj\stm32f4xx_tim.o
 .text.TIM_TimeBaseStructInit
                0x00000000       0x34 ..\obj\stm32f4xx_tim.o
 .text.TIM_PrescalerConfig
                0x00000000       0x28 ..\obj\stm32f4xx_tim.o
 .text.TIM_CounterModeConfig
                0x00000000       0x38 ..\obj\stm32f4xx_tim.o
 .text.TIM_SetCounter
                0x00000000       0x1c ..\obj\stm32f4xx_tim.o
 .text.TIM_SetAutoreload
                0x00000000       0x1c ..\obj\stm32f4xx_tim.o
 .text.TIM_GetCounter
                0x00000000       0x18 ..\obj\stm32f4xx_tim.o
 .text.TIM_GetPrescaler
                0x00000000       0x1c ..\obj\stm32f4xx_tim.o
 .text.TIM_UpdateDisableConfig
                0x00000000       0x40 ..\obj\stm32f4xx_tim.o
 .text.TIM_UpdateRequestConfig
                0x00000000       0x40 ..\obj\stm32f4xx_tim.o
 .text.TIM_SelectOnePulseMode
                0x00000000       0x38 ..\obj\stm32f4xx_tim.o
 .text.TIM_SetClockDivision
                0x00000000       0x38 ..\obj\stm32f4xx_tim.o
 .text.TIM_OCStructInit
                0x00000000       0x44 ..\obj\stm32f4xx_tim.o
 .text.TIM_SelectOCxM
                0x00000000       0xac ..\obj\stm32f4xx_tim.o
 .text.TIM_SetCompare1
                0x00000000       0x1c ..\obj\stm32f4xx_tim.o
 .text.TIM_SetCompare2
                0x00000000       0x1c ..\obj\stm32f4xx_tim.o
 .text.TIM_SetCompare3
                0x00000000       0x1c ..\obj\stm32f4xx_tim.o
 .text.TIM_SetCompare4
                0x00000000       0x1c ..\obj\stm32f4xx_tim.o
 .text.TIM_ForcedOC1Config
                0x00000000       0x38 ..\obj\stm32f4xx_tim.o
 .text.TIM_ForcedOC2Config
                0x00000000       0x3c ..\obj\stm32f4xx_tim.o
 .text.TIM_ForcedOC3Config
                0x00000000       0x38 ..\obj\stm32f4xx_tim.o
 .text.TIM_ForcedOC4Config
                0x00000000       0x3c ..\obj\stm32f4xx_tim.o
 .text.TIM_OC1FastConfig
                0x00000000       0x38 ..\obj\stm32f4xx_tim.o
 .text.TIM_OC2FastConfig
                0x00000000       0x3c ..\obj\stm32f4xx_tim.o
 .text.TIM_OC3FastConfig
                0x00000000       0x38 ..\obj\stm32f4xx_tim.o
 .text.TIM_OC4FastConfig
                0x00000000       0x3c ..\obj\stm32f4xx_tim.o
 .text.TIM_ClearOC1Ref
                0x00000000       0x38 ..\obj\stm32f4xx_tim.o
 .text.TIM_ClearOC2Ref
                0x00000000       0x3c ..\obj\stm32f4xx_tim.o
 .text.TIM_ClearOC3Ref
                0x00000000       0x38 ..\obj\stm32f4xx_tim.o
 .text.TIM_ClearOC4Ref
                0x00000000       0x3c ..\obj\stm32f4xx_tim.o
 .text.TIM_OC1PolarityConfig
                0x00000000       0x38 ..\obj\stm32f4xx_tim.o
 .text.TIM_OC1NPolarityConfig
                0x00000000       0x38 ..\obj\stm32f4xx_tim.o
 .text.TIM_OC2PolarityConfig
                0x00000000       0x3c ..\obj\stm32f4xx_tim.o
 .text.TIM_OC2NPolarityConfig
                0x00000000       0x3c ..\obj\stm32f4xx_tim.o
 .text.TIM_OC3PolarityConfig
                0x00000000       0x3c ..\obj\stm32f4xx_tim.o
 .text.TIM_OC3NPolarityConfig
                0x00000000       0x3c ..\obj\stm32f4xx_tim.o
 .text.TIM_OC4PolarityConfig
                0x00000000       0x3c ..\obj\stm32f4xx_tim.o
 .text.TIM_CCxCmd
                0x00000000       0x54 ..\obj\stm32f4xx_tim.o
 .text.TIM_CCxNCmd
                0x00000000       0x54 ..\obj\stm32f4xx_tim.o
 .text.TIM_ICInit
                0x00000000       0xa8 ..\obj\stm32f4xx_tim.o
 .text.TIM_ICStructInit
                0x00000000       0x30 ..\obj\stm32f4xx_tim.o
 .text.TIM_PWMIConfig
                0x00000000       0xb8 ..\obj\stm32f4xx_tim.o
 .text.TIM_GetCapture1
                0x00000000       0x18 ..\obj\stm32f4xx_tim.o
 .text.TIM_GetCapture2
                0x00000000       0x18 ..\obj\stm32f4xx_tim.o
 .text.TIM_GetCapture3
                0x00000000       0x18 ..\obj\stm32f4xx_tim.o
 .text.TIM_GetCapture4
                0x00000000       0x18 ..\obj\stm32f4xx_tim.o
 .text.TIM_SetIC1Prescaler
                0x00000000       0x38 ..\obj\stm32f4xx_tim.o
 .text.TIM_SetIC2Prescaler
                0x00000000       0x3c ..\obj\stm32f4xx_tim.o
 .text.TIM_SetIC3Prescaler
                0x00000000       0x38 ..\obj\stm32f4xx_tim.o
 .text.TIM_SetIC4Prescaler
                0x00000000       0x3c ..\obj\stm32f4xx_tim.o
 .text.TIM_BDTRConfig
                0x00000000       0x50 ..\obj\stm32f4xx_tim.o
 .text.TIM_BDTRStructInit
                0x00000000       0x3c ..\obj\stm32f4xx_tim.o
 .text.TIM_CtrlPWMOutputs
                0x00000000       0x4c ..\obj\stm32f4xx_tim.o
 .text.TIM_SelectCOM
                0x00000000       0x40 ..\obj\stm32f4xx_tim.o
 .text.TIM_CCPreloadControl
                0x00000000       0x40 ..\obj\stm32f4xx_tim.o
 .text.TIM_GenerateEvent
                0x00000000       0x1c ..\obj\stm32f4xx_tim.o
 .text.TIM_GetFlagStatus
                0x00000000       0x38 ..\obj\stm32f4xx_tim.o
 .text.TIM_ClearFlag
                0x00000000       0x20 ..\obj\stm32f4xx_tim.o
 .text.TIM_DMAConfig
                0x00000000       0x28 ..\obj\stm32f4xx_tim.o
 .text.TIM_DMACmd
                0x00000000       0x48 ..\obj\stm32f4xx_tim.o
 .text.TIM_SelectCCDMA
                0x00000000       0x40 ..\obj\stm32f4xx_tim.o
 .text.TIM_InternalClockConfig
                0x00000000       0x24 ..\obj\stm32f4xx_tim.o
 .text.TIM_ITRxExternalClockConfig
                0x00000000       0x2c ..\obj\stm32f4xx_tim.o
 .text.TIM_TIxExternalClockConfig
                0x00000000       0x54 ..\obj\stm32f4xx_tim.o
 .text.TIM_ETRClockMode1Config
                0x00000000       0x50 ..\obj\stm32f4xx_tim.o
 .text.TIM_ETRClockMode2Config
                0x00000000       0x30 ..\obj\stm32f4xx_tim.o
 .text.TIM_SelectInputTrigger
                0x00000000       0x38 ..\obj\stm32f4xx_tim.o
 .text.TIM_SelectOutputTrigger
                0x00000000       0x38 ..\obj\stm32f4xx_tim.o
 .text.TIM_SelectSlaveMode
                0x00000000       0x38 ..\obj\stm32f4xx_tim.o
 .text.TIM_SelectMasterSlaveMode
                0x00000000       0x38 ..\obj\stm32f4xx_tim.o
 .text.TIM_ETRConfig
                0x00000000       0x48 ..\obj\stm32f4xx_tim.o
 .text.TIM_EncoderInterfaceConfig
                0x00000000       0x8c ..\obj\stm32f4xx_tim.o
 .text.TIM_SelectHallSensor
                0x00000000       0x40 ..\obj\stm32f4xx_tim.o
 .text.TIM_RemapConfig
                0x00000000       0x20 ..\obj\stm32f4xx_tim.o
 .text.TI1_Config
                0x00000000       0x78 ..\obj\stm32f4xx_tim.o
 .text.TI2_Config
                0x00000000       0x8c ..\obj\stm32f4xx_tim.o
 .text.TI3_Config
                0x00000000       0x84 ..\obj\stm32f4xx_tim.o
 .text.TI4_Config
                0x00000000       0x90 ..\obj\stm32f4xx_tim.o
 .text          0x00000000      0x21c c:/program files (x86)/gnu tools arm embedded/4.8 2014q2/bin/../lib/gcc/arm-none-eabi/4.8.4/armv7e-m\libgcc.a(_arm_addsubsf3.o)
 .data          0x00000000        0x0 c:/program files (x86)/gnu tools arm embedded/4.8 2014q2/bin/../lib/gcc/arm-none-eabi/4.8.4/armv7e-m\libgcc.a(_arm_addsubsf3.o)
 .bss           0x00000000        0x0 c:/program files (x86)/gnu tools arm embedded/4.8 2014q2/bin/../lib/gcc/arm-none-eabi/4.8.4/armv7e-m\libgcc.a(_arm_addsubsf3.o)
 .ARM.attributes
                0x00000000       0x1e c:/program files (x86)/gnu tools arm embedded/4.8 2014q2/bin/../lib/gcc/arm-none-eabi/4.8.4/armv7e-m\libgcc.a(_arm_addsubsf3.o)
 .text          0x00000000      0x2a0 c:/program files (x86)/gnu tools arm embedded/4.8 2014q2/bin/../lib/gcc/arm-none-eabi/4.8.4/armv7e-m\libgcc.a(_arm_muldivsf3.o)
 .data          0x00000000        0x0 c:/program files (x86)/gnu tools arm embedded/4.8 2014q2/bin/../lib/gcc/arm-none-eabi/4.8.4/armv7e-m\libgcc.a(_arm_muldivsf3.o)
 .bss           0x00000000        0x0 c:/program files (x86)/gnu tools arm embedded/4.8 2014q2/bin/../lib/gcc/arm-none-eabi/4.8.4/armv7e-m\libgcc.a(_arm_muldivsf3.o)
 .ARM.attributes
                0x00000000       0x1e c:/program files (x86)/gnu tools arm embedded/4.8 2014q2/bin/../lib/gcc/arm-none-eabi/4.8.4/armv7e-m\libgcc.a(_arm_muldivsf3.o)

Memory Configuration

Name             Origin             Length             Attributes
rom              0x08000000         0x00040000         xr
ram              0x20000000         0x00010000         xrw
*default*        0x00000000         0xffffffff

Linker script and memory map

                0x20010000                _eram = 0x20010000

.text           0x08000000     0x1968
 *(.isr_vector)
 .isr_vector    0x08000000      0x188 ..\obj\startup_stm32f4xx.o
                0x08000000                g_pfnVectors
 *(.text*)
 .text.SYSCFG_EXTILineConfig
                0x08000188       0x7c ..\obj\stm32f4xx_syscfg.o
                0x08000188                SYSCFG_EXTILineConfig
 .text.LIS3DSH_Init_SPI_Bus
                0x08000204       0xc0 ..\obj\LIS3DSH.o
                0x08000204                LIS3DSH_Init_SPI_Bus
 .text.LIS3DSH_SPI_Read_Write
                0x080002c4       0x4c ..\obj\LIS3DSH.o
                0x080002c4                LIS3DSH_SPI_Read_Write
 .text.LIS3DSH_Init
                0x08000310        0xc ..\obj\LIS3DSH.o
                0x08000310                LIS3DSH_Init
 .text.LIS3DSH_Write
                0x0800031c       0x38 ..\obj\LIS3DSH.o
                0x0800031c                LIS3DSH_Write
 .text.LIS3DSH_Set_Output
                0x08000354       0x1c ..\obj\LIS3DSH.o
                0x08000354                LIS3DSH_Set_Output
 .text.Default_Reset_Handler
                0x08000370       0x5c ..\obj\startup_stm32f4xx.o
                0x08000370                Default_Reset_Handler
                0x08000370                Reset_Handler
 .text.Default_Handler
                0x080003cc        0x8 ..\obj\startup_stm32f4xx.o
                0x080003cc                RTC_Alarm_IRQHandler
                0x080003cc                HASH_RNG_IRQHandler
                0x080003cc                EXTI2_IRQHandler
                0x080003cc                TIM8_CC_IRQHandler
                0x080003cc                DebugMon_Handler
                0x080003cc                TIM1_CC_IRQHandler
                0x080003cc                DMA2_Stream5_IRQHandler
                0x080003cc                HardFault_Handler
                0x080003cc                DMA1_Stream5_IRQHandler
                0x080003cc                SysTick_Handler
                0x080003cc                PVD_IRQHandler
                0x080003cc                SDIO_IRQHandler
                0x080003cc                TAMP_STAMP_IRQHandler
                0x080003cc                PendSV_Handler
                0x080003cc                NMI_Handler
                0x080003cc                CAN2_RX1_IRQHandler
                0x080003cc                EXTI3_IRQHandler
                0x080003cc                TIM8_TRG_COM_TIM14_IRQHandler
                0x080003cc                TIM1_UP_TIM10_IRQHandler
                0x080003cc                TIM8_UP_TIM13_IRQHandler
                0x080003cc                I2C3_ER_IRQHandler
                0x080003cc                I2C2_EV_IRQHandler
                0x080003cc                DMA1_Stream2_IRQHandler
                0x080003cc                CAN1_RX0_IRQHandler
                0x080003cc                FPU_IRQHandler
                0x080003cc                OTG_HS_WKUP_IRQHandler
                0x080003cc                UsageFault_Handler
                0x080003cc                CAN2_SCE_IRQHandler
                0x080003cc                DMA2_Stream2_IRQHandler
                0x080003cc                SPI1_IRQHandler
                0x080003cc                TIM6_DAC_IRQHandler
                0x080003cc                TIM1_BRK_TIM9_IRQHandler
                0x080003cc                DCMI_IRQHandler
                0x080003cc                CAN2_RX0_IRQHandler
                0x080003cc                DMA2_Stream3_IRQHandler
                0x080003cc                USART6_IRQHandler
                0x080003cc                USART3_IRQHandler
                0x080003cc                CRYP_IRQHandler
                0x080003cc                CAN1_RX1_IRQHandler
                0x080003cc                UART5_IRQHandler
                0x080003cc                DMA2_Stream0_IRQHandler
                0x080003cc                TIM4_IRQHandler
                0x080003cc                I2C1_EV_IRQHandler
                0x080003cc                DMA1_Stream6_IRQHandler
                0x080003cc                DMA1_Stream1_IRQHandler
                0x080003cc                UART4_IRQHandler
                0x080003cc                TIM3_IRQHandler
                0x080003cc                RCC_IRQHandler
                0x080003cc                TIM8_BRK_TIM12_IRQHandler
                0x080003cc                EXTI15_10_IRQHandler
                0x080003cc                ADC_IRQHandler
                0x080003cc                DMA1_Stream7_IRQHandler
                0x080003cc                TIM7_IRQHandler
                0x080003cc                CAN2_TX_IRQHandler
                0x080003cc                TIM5_IRQHandler
                0x080003cc                DMA2_Stream7_IRQHandler
                0x080003cc                I2C3_EV_IRQHandler
                0x080003cc                EXTI9_5_IRQHandler
                0x080003cc                RTC_WKUP_IRQHandler
                0x080003cc                ETH_WKUP_IRQHandler
                0x080003cc                SPI2_IRQHandler
                0x080003cc                OTG_HS_EP1_IN_IRQHandler
                0x080003cc                MemManage_Handler
                0x080003cc                DMA1_Stream0_IRQHandler
                0x080003cc                CAN1_TX_IRQHandler
                0x080003cc                SVC_Handler
                0x080003cc                EXTI4_IRQHandler
                0x080003cc                FSMC_IRQHandler
                0x080003cc                ETH_IRQHandler
                0x080003cc                OTG_HS_EP1_OUT_IRQHandler
                0x080003cc                WWDG_IRQHandler
                0x080003cc                OTG_FS_WKUP_IRQHandler
                0x080003cc                TIM1_TRG_COM_TIM11_IRQHandler
                0x080003cc                OTG_HS_IRQHandler
                0x080003cc                EXTI1_IRQHandler
                0x080003cc                USART2_IRQHandler
                0x080003cc                I2C2_ER_IRQHandler
                0x080003cc                DMA2_Stream1_IRQHandler
                0x080003cc                CAN1_SCE_IRQHandler
                0x080003cc                FLASH_IRQHandler
                0x080003cc                DMA2_Stream4_IRQHandler
                0x080003cc                BusFault_Handler
                0x080003cc                USART1_IRQHandler
                0x080003cc                OTG_FS_IRQHandler
                0x080003cc                SPI3_IRQHandler
                0x080003cc                DMA1_Stream4_IRQHandler
                0x080003cc                I2C1_ER_IRQHandler
                0x080003cc                DMA2_Stream6_IRQHandler
                0x080003cc                DMA1_Stream3_IRQHandler
 .text.main     0x080003d4       0x68 ..\obj\main.o
                0x080003d4                main
 .text.APP_ISR_sw
                0x0800043c        0xc ..\obj\main.o
                0x0800043c                APP_ISR_sw
 .text.APP_ISR_1ms
                0x08000448       0x2c ..\obj\main.o
                0x08000448                APP_ISR_1ms
 .text.APP_POTE
                0x08000474       0x48 ..\obj\main.o
                0x08000474                APP_POTE
 .text.RCC_AHB1PeriphClockCmd
                0x080004bc       0x3c ..\obj\stm32f4xx_rcc.o
                0x080004bc                RCC_AHB1PeriphClockCmd
 .text.RCC_APB1PeriphClockCmd
                0x080004f8       0x3c ..\obj\stm32f4xx_rcc.o
                0x080004f8                RCC_APB1PeriphClockCmd
 .text.RCC_APB2PeriphClockCmd
                0x08000534       0x3c ..\obj\stm32f4xx_rcc.o
                0x08000534                RCC_APB2PeriphClockCmd
 .text.ADC_Init
                0x08000570       0xa8 ..\obj\stm32f4xx_adc.o
                0x08000570                ADC_Init
 .text.ADC_StructInit
                0x08000618       0x3c ..\obj\stm32f4xx_adc.o
                0x08000618                ADC_StructInit
 .text.ADC_CommonInit
                0x08000654       0x50 ..\obj\stm32f4xx_adc.o
                0x08000654                ADC_CommonInit
 .text.ADC_CommonStructInit
                0x080006a4       0x2c ..\obj\stm32f4xx_adc.o
                0x080006a4                ADC_CommonStructInit
 .text.ADC_Cmd  0x080006d0       0x38 ..\obj\stm32f4xx_adc.o
                0x080006d0                ADC_Cmd
 .text.ADC_RegularChannelConfig
                0x08000708      0x188 ..\obj\stm32f4xx_adc.o
                0x08000708                ADC_RegularChannelConfig
 .text.ADC_SoftwareStartConv
                0x08000890       0x20 ..\obj\stm32f4xx_adc.o
                0x08000890                ADC_SoftwareStartConv
 .text.ADC_GetConversionValue
                0x080008b0       0x1c ..\obj\stm32f4xx_adc.o
                0x080008b0                ADC_GetConversionValue
 .text.ADC_GetFlagStatus
                0x080008cc       0x34 ..\obj\stm32f4xx_adc.o
                0x080008cc                ADC_GetFlagStatus
 .text.GPIO_Init
                0x08000900      0x11c ..\obj\stm32f4xx_gpio.o
                0x08000900                GPIO_Init
 .text.GPIO_StructInit
                0x08000a1c       0x34 ..\obj\stm32f4xx_gpio.o
                0x08000a1c                GPIO_StructInit
 .text.GPIO_SetBits
                0x08000a50       0x1c ..\obj\stm32f4xx_gpio.o
                0x08000a50                GPIO_SetBits
 .text.GPIO_ResetBits
                0x08000a6c       0x1c ..\obj\stm32f4xx_gpio.o
                0x08000a6c                GPIO_ResetBits
 .text.GPIO_ToggleBits
                0x08000a88       0x24 ..\obj\stm32f4xx_gpio.o
                0x08000a88                GPIO_ToggleBits
 .text.GPIO_PinAFConfig
                0x08000aac       0x8c ..\obj\stm32f4xx_gpio.o
                0x08000aac                GPIO_PinAFConfig
 .text.SPI_Init
                0x08000b38       0x88 ..\obj\stm32f4xx_spi.o
                0x08000b38                SPI_Init
 .text.SPI_Cmd  0x08000bc0       0x40 ..\obj\stm32f4xx_spi.o
                0x08000bc0                SPI_Cmd
 .text.SPI_I2S_ReceiveData
                0x08000c00       0x1c ..\obj\stm32f4xx_spi.o
                0x08000c00                SPI_I2S_ReceiveData
 .text.SPI_I2S_SendData
                0x08000c1c       0x1c ..\obj\stm32f4xx_spi.o
                0x08000c1c                SPI_I2S_SendData
 .text.SPI_I2S_GetFlagStatus
                0x08000c38       0x38 ..\obj\stm32f4xx_spi.o
                0x08000c38                SPI_I2S_GetFlagStatus
 .text.led_on   0x08000c70       0x30 ..\obj\bsp.o
                0x08000c70                led_on
 .text.led_off  0x08000ca0       0x30 ..\obj\bsp.o
                0x08000ca0                led_off
 .text.led_toggle
                0x08000cd0       0x30 ..\obj\bsp.o
                0x08000cd0                led_toggle
 .text.EXTI0_IRQHandler
                0x08000d00       0x1c ..\obj\bsp.o
                0x08000d00                EXTI0_IRQHandler
 .text.TIM2_IRQHandler
                0x08000d1c       0x40 ..\obj\bsp.o
                0x08000d1c                TIM2_IRQHandler
 .text.bsp_init
                0x08000d5c       0x24 ..\obj\bsp.o
                0x08000d5c                bsp_init
 .text.adc_init
                0x08000d80       0x80 ..\obj\bsp.o
                0x08000d80                adc_init
 .text.bsp_get_pote
                0x08000e00       0x38 ..\obj\bsp.o
                0x08000e00                bsp_get_pote
 .text.bsp_led_init
                0x08000e38       0x58 ..\obj\bsp.o
                0x08000e38                bsp_led_init
 .text.bsp_sw_init
                0x08000e90       0x74 ..\obj\bsp.o
                0x08000e90                bsp_sw_init
 .text.bsp_timer_config
                0x08000f04       0x60 ..\obj\bsp.o
                0x08000f04                bsp_timer_config
 .text.bsp_pwm_config
                0x08000f64      0x10c ..\obj\bsp.o
                0x08000f64                bsp_pwm_config
 .text.EXTI_Init
                0x08001070       0xdc ..\obj\stm32f4xx_exti.o
                0x08001070                EXTI_Init
 .text.EXTI_ClearFlag
                0x0800114c       0x1c ..\obj\stm32f4xx_exti.o
                0x0800114c                EXTI_ClearFlag
 .text.EXTI_GetITStatus
                0x08001168       0x48 ..\obj\stm32f4xx_exti.o
                0x08001168                EXTI_GetITStatus
 .text.NVIC_Init
                0x080011b0       0xbc ..\obj\misc.o
                0x080011b0                NVIC_Init
 .text.TIM_TimeBaseInit
                0x0800126c       0xd4 ..\obj\stm32f4xx_tim.o
                0x0800126c                TIM_TimeBaseInit
 .text.TIM_ARRPreloadConfig
                0x08001340       0x40 ..\obj\stm32f4xx_tim.o
                0x08001340                TIM_ARRPreloadConfig
 .text.TIM_Cmd  0x08001380       0x40 ..\obj\stm32f4xx_tim.o
                0x08001380                TIM_Cmd
 .text.TIM_OC1Init
                0x080013c0       0xf4 ..\obj\stm32f4xx_tim.o
                0x080013c0                TIM_OC1Init
 .text.TIM_OC2Init
                0x080014b4      0x110 ..\obj\stm32f4xx_tim.o
                0x080014b4                TIM_OC2Init
 .text.TIM_OC3Init
                0x080015c4      0x10c ..\obj\stm32f4xx_tim.o
                0x080015c4                TIM_OC3Init
 .text.TIM_OC4Init
                0x080016d0       0xcc ..\obj\stm32f4xx_tim.o
                0x080016d0                TIM_OC4Init
 .text.TIM_OC1PreloadConfig
                0x0800179c       0x38 ..\obj\stm32f4xx_tim.o
                0x0800179c                TIM_OC1PreloadConfig
 .text.TIM_OC2PreloadConfig
                0x080017d4       0x3c ..\obj\stm32f4xx_tim.o
                0x080017d4                TIM_OC2PreloadConfig
 .text.TIM_OC3PreloadConfig
                0x08001810       0x38 ..\obj\stm32f4xx_tim.o
                0x08001810                TIM_OC3PreloadConfig
 .text.TIM_OC4PreloadConfig
                0x08001848       0x3c ..\obj\stm32f4xx_tim.o
                0x08001848                TIM_OC4PreloadConfig
 .text.TIM_ITConfig
                0x08001884       0x48 ..\obj\stm32f4xx_tim.o
                0x08001884                TIM_ITConfig
 .text.TIM_GetITStatus
                0x080018cc       0x54 ..\obj\stm32f4xx_tim.o
                0x080018cc                TIM_GetITStatus
 .text.TIM_ClearITPendingBit
                0x08001920       0x20 ..\obj\stm32f4xx_tim.o
                0x08001920                TIM_ClearITPendingBit
 *(.init)
 *(.fini)
 *crtbegin.o(.ctors)
 *crtbegin?.o(.ctors)
 *(EXCLUDE_FILE(*crtend.o *crtend?.o) .ctors)
 *(SORT(.ctors.*))
 *(.ctors)
 *crtbegin.o(.dtors)
 *crtbegin?.o(.dtors)
 *(EXCLUDE_FILE(*crtend.o *crtend?.o) .dtors)
 *(SORT(.dtors.*))
 *(.dtors)
 *(.rodata*)
 .rodata        0x08001940       0x28 ..\obj\bsp.o
                0x08001940                leds
                0x08001948                leds_tira
                0x08001958                leds_pwm
 *(.eh_fram e*)

.glue_7         0x08001968        0x0
 .glue_7        0x00000000        0x0 linker stubs

.glue_7t        0x08001968        0x0
 .glue_7t       0x00000000        0x0 linker stubs

.vfp11_veneer   0x08001968        0x0
 .vfp11_veneer  0x00000000        0x0 linker stubs

.v4_bx          0x08001968        0x0
 .v4_bx         0x00000000        0x0 linker stubs

.iplt           0x08001968        0x0
 .iplt          0x00000000        0x0 ..\obj\stm32f4xx_syscfg.o

.rel.dyn        0x08001968        0x0
 .rel.iplt      0x00000000        0x0 ..\obj\stm32f4xx_syscfg.o

.ARM.extab
 *(.ARM.extab* .gnu.linkonce.armextab.*)
                0x08001968                __exidx_start = .

.ARM.exidx
 *(.ARM.exidx* .gnu.linkonce.armexidx.*)
                0x08001968                __exidx_end = .
                0x08001968                __etext = .
                0x08001968                _sidata = __etext

.data           0x20000000       0x34 load address 0x08001968
                0x20000000                __data_start__ = .
                0x20000000                _sdata = __data_start__
 *(vtable)
 *(.data*)
 .data          0x20000000        0x2 ..\obj\main.o
 *fill*         0x20000002        0x2 
 .data          0x20000004       0x30 ..\obj\bsp.o
                0x20000004                leds_port
                0x20000014                leds_port_tira
                0x20000034                . = ALIGN (0x4)
                0x20000034                PROVIDE (__preinit_array_start, .)
 *(.preinit_array)
                0x20000034                PROVIDE (__preinit_array_end, .)
                0x20000034                . = ALIGN (0x4)
                0x20000034                PROVIDE (__init_array_start, .)
 *(SORT(.init_array.*))
 *(.init_array)
                0x20000034                PROVIDE (__init_array_end, .)
                0x20000034                . = ALIGN (0x4)
                0x20000034                PROVIDE (__fini_array_start, .)
 *(SORT(.fini_array.*))
 *(.fini_array)
                0x20000034                PROVIDE (__fini_array_end, .)
 *(.jcr*)
                0x20000034                . = ALIGN (0x4)
                0x20000034                __data_end__ = .
                0x20000034                _edata = __data_end__

.igot.plt       0x20000034        0x0 load address 0x0800199c
 .igot.plt      0x00000000        0x0 ..\obj\stm32f4xx_syscfg.o

.bss            0x20000034        0x4 load address 0x0800199c
                0x20000034                . = ALIGN (0x4)
                0x20000034                __bss_start__ = .
                0x20000034                _sbss = __bss_start__
 *(.bss*)
 .bss           0x20000034        0x2 ..\obj\bsp.o
                0x20000034                bsp_contMs
 *(COMMON)
                0x20000038                . = ALIGN (0x4)
 *fill*         0x20000036        0x2 
                0x20000038                __bss_end__ = .
                0x20000038                _ebss = __bss_end__

.heap           0x20000038        0x0
                0x20000038                __end__ = .
                0x20000038                _end = __end__
                0x20000038                end = __end__
 *(.heap*)
                0x20000038                __HeapLimit = .

.co_stack       0x20000038      0x800 load address 0x080019a0
                0x20000038                . = ALIGN (0x8)
 *(.co_stack .co_stack.*)
 .co_stack      0x20000038      0x800 ..\obj\startup_stm32f4xx.o
                0x20000038                pulStack
                0x20010000                __StackTop = (ORIGIN (ram) + 0x10000)
                0x2000f800                __StackLimit = (__StackTop - SIZEOF (.co_stack))
                0x20010000                PROVIDE (__stack, __StackTop)
                0x00000001                ASSERT ((__StackLimit >= __HeapLimit), region ram  overflowed with stack)
LOAD ..\obj\stm32f4xx_syscfg.o
LOAD ..\obj\LIS3DSH.o
LOAD ..\obj\startup_stm32f4xx.o
LOAD ..\obj\main.o
LOAD ..\obj\stm32f4xx_rcc.o
LOAD ..\obj\stm32f4xx_adc.o
LOAD ..\obj\stm32f4xx_gpio.o
LOAD ..\obj\system_stm32f4xx.o
LOAD ..\obj\stm32f4xx_spi.o
LOAD ..\obj\bsp.o
LOAD ..\obj\stm32f4xx_exti.o
LOAD ..\obj\misc.o
LOAD ..\obj\stm32f4xx_tim.o
START GROUP
LOAD c:/program files (x86)/gnu tools arm embedded/4.8 2014q2/bin/../lib/gcc/arm-none-eabi/4.8.4/armv7e-m\libgcc.a
LOAD c:/program files (x86)/gnu tools arm embedded/4.8 2014q2/bin/../lib/gcc/arm-none-eabi/4.8.4/../../../../arm-none-eabi/lib/armv7e-m\libg.a
LOAD c:/program files (x86)/gnu tools arm embedded/4.8 2014q2/bin/../lib/gcc/arm-none-eabi/4.8.4/../../../../arm-none-eabi/lib/armv7e-m\libc.a
END GROUP
OUTPUT(TP4-Interrupciones-Timer-y-Boton.elf elf32-littlearm)

.debug_info     0x00000000     0x677d
 .debug_info    0x00000000      0x26c ..\obj\stm32f4xx_syscfg.o
 .debug_info    0x0000026c      0x5eb ..\obj\LIS3DSH.o
 .debug_info    0x00000857       0xed ..\obj\startup_stm32f4xx.o
 .debug_info    0x00000944      0x245 ..\obj\main.o
 .debug_info    0x00000b89      0xc4d ..\obj\stm32f4xx_rcc.o
 .debug_info    0x000017d6      0xc38 ..\obj\stm32f4xx_adc.o
 .debug_info    0x0000240e      0x602 ..\obj\stm32f4xx_gpio.o
 .debug_info    0x00002a10      0xb07 ..\obj\stm32f4xx_spi.o
 .debug_info    0x00003517      0xd81 ..\obj\bsp.o
 .debug_info    0x00004298      0x347 ..\obj\stm32f4xx_exti.o
 .debug_info    0x000045df      0x53d ..\obj\misc.o
 .debug_info    0x00004b1c     0x1c61 ..\obj\stm32f4xx_tim.o

.debug_abbrev   0x00000000     0x1171
 .debug_abbrev  0x00000000      0x131 ..\obj\stm32f4xx_syscfg.o
 .debug_abbrev  0x00000131      0x14b ..\obj\LIS3DSH.o
 .debug_abbrev  0x0000027c       0xb0 ..\obj\startup_stm32f4xx.o
 .debug_abbrev  0x0000032c      0x124 ..\obj\main.o
 .debug_abbrev  0x00000450      0x1e3 ..\obj\stm32f4xx_rcc.o
 .debug_abbrev  0x00000633      0x196 ..\obj\stm32f4xx_adc.o
 .debug_abbrev  0x000007c9      0x1a3 ..\obj\stm32f4xx_gpio.o
 .debug_abbrev  0x0000096c      0x167 ..\obj\stm32f4xx_spi.o
 .debug_abbrev  0x00000ad3      0x22d ..\obj\bsp.o
 .debug_abbrev  0x00000d00      0x1a5 ..\obj\stm32f4xx_exti.o
 .debug_abbrev  0x00000ea5      0x145 ..\obj\misc.o
 .debug_abbrev  0x00000fea      0x187 ..\obj\stm32f4xx_tim.o

.debug_aranges  0x00000000      0x970
 .debug_aranges
                0x00000000       0x48 ..\obj\stm32f4xx_syscfg.o
 .debug_aranges
                0x00000048       0x68 ..\obj\LIS3DSH.o
 .debug_aranges
                0x000000b0       0x28 ..\obj\startup_stm32f4xx.o
 .debug_aranges
                0x000000d8       0x48 ..\obj\main.o
 .debug_aranges
                0x00000120      0x178 ..\obj\stm32f4xx_rcc.o
 .debug_aranges
                0x00000298      0x148 ..\obj\stm32f4xx_adc.o
 .debug_aranges
                0x000003e0       0x88 ..\obj\stm32f4xx_gpio.o
 .debug_aranges
                0x00000468       0xe0 ..\obj\stm32f4xx_spi.o
 .debug_aranges
                0x00000548       0x98 ..\obj\bsp.o
 .debug_aranges
                0x000005e0       0x58 ..\obj\stm32f4xx_exti.o
 .debug_aranges
                0x00000638       0x40 ..\obj\misc.o
 .debug_aranges
                0x00000678      0x2f8 ..\obj\stm32f4xx_tim.o

.debug_ranges   0x00000000      0x8b0
 .debug_ranges  0x00000000       0x38 ..\obj\stm32f4xx_syscfg.o
 .debug_ranges  0x00000038       0x58 ..\obj\LIS3DSH.o
 .debug_ranges  0x00000090       0x18 ..\obj\startup_stm32f4xx.o
 .debug_ranges  0x000000a8       0x38 ..\obj\main.o
 .debug_ranges  0x000000e0      0x168 ..\obj\stm32f4xx_rcc.o
 .debug_ranges  0x00000248      0x138 ..\obj\stm32f4xx_adc.o
 .debug_ranges  0x00000380       0x78 ..\obj\stm32f4xx_gpio.o
 .debug_ranges  0x000003f8       0xd0 ..\obj\stm32f4xx_spi.o
 .debug_ranges  0x000004c8       0x88 ..\obj\bsp.o
 .debug_ranges  0x00000550       0x48 ..\obj\stm32f4xx_exti.o
 .debug_ranges  0x00000598       0x30 ..\obj\misc.o
 .debug_ranges  0x000005c8      0x2e8 ..\obj\stm32f4xx_tim.o

.debug_line     0x00000000     0x33eb
 .debug_line    0x00000000      0x2a1 ..\obj\stm32f4xx_syscfg.o
 .debug_line    0x000002a1      0x389 ..\obj\LIS3DSH.o
 .debug_line    0x0000062a       0xca ..\obj\startup_stm32f4xx.o
 .debug_line    0x000006f4      0x1e1 ..\obj\main.o
 .debug_line    0x000008d5      0x64d ..\obj\stm32f4xx_rcc.o
 .debug_line    0x00000f22      0x605 ..\obj\stm32f4xx_adc.o
 .debug_line    0x00001527      0x3f2 ..\obj\stm32f4xx_gpio.o
 .debug_line    0x00001919      0x505 ..\obj\stm32f4xx_spi.o
 .debug_line    0x00001e1e      0x465 ..\obj\bsp.o
 .debug_line    0x00002283      0x358 ..\obj\stm32f4xx_exti.o
 .debug_line    0x000025db      0x2f8 ..\obj\misc.o
 .debug_line    0x000028d3      0xb18 ..\obj\stm32f4xx_tim.o

.debug_str      0x00000000     0x30f4
 .debug_str     0x00000000      0x2bf ..\obj\stm32f4xx_syscfg.o
                                0x31d (size before relaxing)
 .debug_str     0x000002bf      0x412 ..\obj\LIS3DSH.o
                                0x58b (size before relaxing)
 .debug_str     0x000006d1       0xd9 ..\obj\startup_stm32f4xx.o
                                0x170 (size before relaxing)
 .debug_str     0x000007aa       0xf7 ..\obj\main.o
                                0x242 (size before relaxing)
 .debug_str     0x000008a1      0x665 ..\obj\stm32f4xx_rcc.o
                                0x879 (size before relaxing)
 .debug_str     0x00000f06      0x66a ..\obj\stm32f4xx_adc.o
                                0x82d (size before relaxing)
 .debug_str     0x00001570      0x1c1 ..\obj\stm32f4xx_gpio.o
                                0x4cc (size before relaxing)
 .debug_str     0x00001731      0x31f ..\obj\stm32f4xx_spi.o
                                0x6b3 (size before relaxing)
 .debug_str     0x00001a50      0x97d ..\obj\bsp.o
                                0xe60 (size before relaxing)
 .debug_str     0x000023cd      0x129 ..\obj\stm32f4xx_exti.o
                                0x382 (size before relaxing)
 .debug_str     0x000024f6      0x1d7 ..\obj\misc.o
                                0x3f7 (size before relaxing)
 .debug_str     0x000026cd      0xa27 ..\obj\stm32f4xx_tim.o
                                0xdf9 (size before relaxing)

.comment        0x00000000       0x70
 .comment       0x00000000       0x70 ..\obj\stm32f4xx_syscfg.o
                                 0x71 (size before relaxing)
 .comment       0x00000000       0x71 ..\obj\LIS3DSH.o
 .comment       0x00000000       0x71 ..\obj\startup_stm32f4xx.o
 .comment       0x00000000       0x71 ..\obj\main.o
 .comment       0x00000000       0x71 ..\obj\stm32f4xx_rcc.o
 .comment       0x00000000       0x71 ..\obj\stm32f4xx_adc.o
 .comment       0x00000000       0x71 ..\obj\stm32f4xx_gpio.o
 .comment       0x00000000       0x71 ..\obj\stm32f4xx_spi.o
 .comment       0x00000000       0x71 ..\obj\bsp.o
 .comment       0x00000000       0x71 ..\obj\stm32f4xx_exti.o
 .comment       0x00000000       0x71 ..\obj\misc.o
 .comment       0x00000000       0x71 ..\obj\stm32f4xx_tim.o

.ARM.attributes
                0x00000000       0x33
 .ARM.attributes
                0x00000000       0x33 ..\obj\stm32f4xx_syscfg.o
 .ARM.attributes
                0x00000033       0x33 ..\obj\LIS3DSH.o
 .ARM.attributes
                0x00000066       0x33 ..\obj\startup_stm32f4xx.o
 .ARM.attributes
                0x00000099       0x33 ..\obj\main.o
 .ARM.attributes
                0x000000cc       0x33 ..\obj\stm32f4xx_rcc.o
 .ARM.attributes
                0x000000ff       0x33 ..\obj\stm32f4xx_adc.o
 .ARM.attributes
                0x00000132       0x33 ..\obj\stm32f4xx_gpio.o
 .ARM.attributes
                0x00000165       0x33 ..\obj\stm32f4xx_spi.o
 .ARM.attributes
                0x00000198       0x33 ..\obj\bsp.o
 .ARM.attributes
                0x000001cb       0x33 ..\obj\stm32f4xx_exti.o
 .ARM.attributes
                0x000001fe       0x33 ..\obj\misc.o
 .ARM.attributes
                0x00000231       0x33 ..\obj\stm32f4xx_tim.o

.debug_frame    0x00000000     0x1e40
 .debug_frame   0x00000000       0xbc ..\obj\stm32f4xx_syscfg.o
 .debug_frame   0x000000bc      0x14c ..\obj\LIS3DSH.o
 .debug_frame   0x00000208       0x48 ..\obj\startup_stm32f4xx.o
 .debug_frame   0x00000250       0xc0 ..\obj\main.o
 .debug_frame   0x00000310      0x4d8 ..\obj\stm32f4xx_rcc.o
 .debug_frame   0x000007e8      0x434 ..\obj\stm32f4xx_adc.o
 .debug_frame   0x00000c1c      0x19c ..\obj\stm32f4xx_gpio.o
 .debug_frame   0x00000db8      0x2d0 ..\obj\stm32f4xx_spi.o
 .debug_frame   0x00001088      0x1f4 ..\obj\bsp.o
 .debug_frame   0x0000127c       0xec ..\obj\stm32f4xx_exti.o
 .debug_frame   0x00001368       0x9c ..\obj\misc.o
 .debug_frame   0x00001404      0xa3c ..\obj\stm32f4xx_tim.o
