Archive member included because of file (symbol)

c:/program files (x86)/gnu tools arm embedded/4.8 2014q2/bin/../lib/gcc/arm-none-eabi/4.8.4/armv7e-m\libgcc.a(_arm_addsubsf3.o)
                              ..\obj\LIS3DSH.o (__aeabi_i2f)
c:/program files (x86)/gnu tools arm embedded/4.8 2014q2/bin/../lib/gcc/arm-none-eabi/4.8.4/armv7e-m\libgcc.a(_arm_muldivsf3.o)
                              ..\obj\LIS3DSH.o (__aeabi_fmul)
c:/program files (x86)/gnu tools arm embedded/4.8 2014q2/bin/../lib/gcc/arm-none-eabi/4.8.4/armv7e-m\libgcc.a(_arm_cmpsf2.o)
                              ..\obj\main.o (__aeabi_fcmplt)
c:/program files (x86)/gnu tools arm embedded/4.8 2014q2/bin/../lib/gcc/arm-none-eabi/4.8.4/armv7e-m\libgcc.a(_arm_fixsfsi.o)
                              ..\obj\main.o (__aeabi_f2iz)

Discarded input sections

 .text          0x00000000        0x0 ..\obj\stm32f4xx_syscfg.o
 .data          0x00000000        0x0 ..\obj\stm32f4xx_syscfg.o
 .bss           0x00000000        0x0 ..\obj\stm32f4xx_syscfg.o
 .text.SYSCFG_DeInit
                0x00000000       0x1c ..\obj\stm32f4xx_syscfg.o
 .text.SYSCFG_MemoryRemapConfig
                0x00000000       0x20 ..\obj\stm32f4xx_syscfg.o
 .text.SYSCFG_ETH_MediaInterfaceConfig
                0x00000000       0x1c ..\obj\stm32f4xx_syscfg.o
 .text.SYSCFG_CompensationCellCmd
                0x00000000       0x20 ..\obj\stm32f4xx_syscfg.o
 .text.SYSCFG_GetCompensationCellStatus
                0x00000000       0x34 ..\obj\stm32f4xx_syscfg.o
 .text          0x00000000        0x0 ..\obj\LIS3DSH.o
 .data          0x00000000        0x0 ..\obj\LIS3DSH.o
 .bss           0x00000000        0x0 ..\obj\LIS3DSH.o
 .text.LIS3DSH_Set_Output_Feature
                0x00000000       0x1c ..\obj\LIS3DSH.o
 .text          0x00000000        0x0 ..\obj\startup_stm32f4xx.o
 .data          0x00000000        0x0 ..\obj\startup_stm32f4xx.o
 .bss           0x00000000        0x0 ..\obj\startup_stm32f4xx.o
 .text          0x00000000        0x0 ..\obj\main.o
 .bss           0x00000000        0x0 ..\obj\main.o
 .text.pulsoLed
                0x00000000       0x28 ..\obj\main.o
 .text.Delay    0x00000000       0x20 ..\obj\main.o
 .text          0x00000000        0x0 ..\obj\stm32f4xx_rcc.o
 .data          0x00000000       0x10 ..\obj\stm32f4xx_rcc.o
 .bss           0x00000000        0x0 ..\obj\stm32f4xx_rcc.o
 .text.RCC_DeInit
                0x00000000       0x50 ..\obj\stm32f4xx_rcc.o
 .text.RCC_HSEConfig
                0x00000000       0x24 ..\obj\stm32f4xx_rcc.o
 .text.RCC_WaitForHSEStartUp
                0x00000000       0x50 ..\obj\stm32f4xx_rcc.o
 .text.RCC_AdjustHSICalibrationValue
                0x00000000       0x3c ..\obj\stm32f4xx_rcc.o
 .text.RCC_HSICmd
                0x00000000       0x20 ..\obj\stm32f4xx_rcc.o
 .text.RCC_LSEConfig
                0x00000000       0x40 ..\obj\stm32f4xx_rcc.o
 .text.RCC_LSICmd
                0x00000000       0x20 ..\obj\stm32f4xx_rcc.o
 .text.RCC_PLLConfig
                0x00000000       0x3c ..\obj\stm32f4xx_rcc.o
 .text.RCC_PLLCmd
                0x00000000       0x20 ..\obj\stm32f4xx_rcc.o
 .text.RCC_PLLI2SConfig
                0x00000000       0x28 ..\obj\stm32f4xx_rcc.o
 .text.RCC_PLLI2SCmd
                0x00000000       0x20 ..\obj\stm32f4xx_rcc.o
 .text.RCC_ClockSecuritySystemCmd
                0x00000000       0x20 ..\obj\stm32f4xx_rcc.o
 .text.RCC_MCO1Config
                0x00000000       0x3c ..\obj\stm32f4xx_rcc.o
 .text.RCC_MCO2Config
                0x00000000       0x3c ..\obj\stm32f4xx_rcc.o
 .text.RCC_SYSCLKConfig
                0x00000000       0x38 ..\obj\stm32f4xx_rcc.o
 .text.RCC_GetSYSCLKSource
                0x00000000       0x20 ..\obj\stm32f4xx_rcc.o
 .text.RCC_HCLKConfig
                0x00000000       0x38 ..\obj\stm32f4xx_rcc.o
 .text.RCC_PCLK1Config
                0x00000000       0x38 ..\obj\stm32f4xx_rcc.o
 .text.RCC_PCLK2Config
                0x00000000       0x38 ..\obj\stm32f4xx_rcc.o
 .text.RCC_GetClocksFreq
                0x00000000      0x154 ..\obj\stm32f4xx_rcc.o
 .text.RCC_RTCCLKConfig
                0x00000000       0x5c ..\obj\stm32f4xx_rcc.o
 .text.RCC_RTCCLKCmd
                0x00000000       0x20 ..\obj\stm32f4xx_rcc.o
 .text.RCC_BackupResetCmd
                0x00000000       0x20 ..\obj\stm32f4xx_rcc.o
 .text.RCC_I2SCLKConfig
                0x00000000       0x1c ..\obj\stm32f4xx_rcc.o
 .text.RCC_AHB2PeriphClockCmd
                0x00000000       0x3c ..\obj\stm32f4xx_rcc.o
 .text.RCC_AHB3PeriphClockCmd
                0x00000000       0x3c ..\obj\stm32f4xx_rcc.o
 .text.RCC_AHB1PeriphResetCmd
                0x00000000       0x3c ..\obj\stm32f4xx_rcc.o
 .text.RCC_AHB2PeriphResetCmd
                0x00000000       0x3c ..\obj\stm32f4xx_rcc.o
 .text.RCC_AHB3PeriphResetCmd
                0x00000000       0x3c ..\obj\stm32f4xx_rcc.o
 .text.RCC_APB1PeriphResetCmd
                0x00000000       0x3c ..\obj\stm32f4xx_rcc.o
 .text.RCC_APB2PeriphResetCmd
                0x00000000       0x3c ..\obj\stm32f4xx_rcc.o
 .text.RCC_AHB1PeriphClockLPModeCmd
                0x00000000       0x3c ..\obj\stm32f4xx_rcc.o
 .text.RCC_AHB2PeriphClockLPModeCmd
                0x00000000       0x3c ..\obj\stm32f4xx_rcc.o
 .text.RCC_AHB3PeriphClockLPModeCmd
                0x00000000       0x3c ..\obj\stm32f4xx_rcc.o
 .text.RCC_APB1PeriphClockLPModeCmd
                0x00000000       0x3c ..\obj\stm32f4xx_rcc.o
 .text.RCC_APB2PeriphClockLPModeCmd
                0x00000000       0x3c ..\obj\stm32f4xx_rcc.o
 .text.RCC_ITConfig
                0x00000000       0x48 ..\obj\stm32f4xx_rcc.o
 .text.RCC_GetFlagStatus
                0x00000000       0x74 ..\obj\stm32f4xx_rcc.o
 .text.RCC_ClearFlag
                0x00000000       0x1c ..\obj\stm32f4xx_rcc.o
 .text.RCC_GetITStatus
                0x00000000       0x38 ..\obj\stm32f4xx_rcc.o
 .text.RCC_ClearITPendingBit
                0x00000000       0x20 ..\obj\stm32f4xx_rcc.o
 .text          0x00000000        0x0 ..\obj\stm32f4xx_gpio.o
 .data          0x00000000        0x0 ..\obj\stm32f4xx_gpio.o
 .bss           0x00000000        0x0 ..\obj\stm32f4xx_gpio.o
 .text.GPIO_DeInit
                0x00000000      0x120 ..\obj\stm32f4xx_gpio.o
 .text.GPIO_StructInit
                0x00000000       0x34 ..\obj\stm32f4xx_gpio.o
 .text.GPIO_PinLockConfig
                0x00000000       0x44 ..\obj\stm32f4xx_gpio.o
 .text.GPIO_ReadInputDataBit
                0x00000000       0x34 ..\obj\stm32f4xx_gpio.o
 .text.GPIO_ReadInputData
                0x00000000       0x1c ..\obj\stm32f4xx_gpio.o
 .text.GPIO_ReadOutputDataBit
                0x00000000       0x34 ..\obj\stm32f4xx_gpio.o
 .text.GPIO_ReadOutputData
                0x00000000       0x1c ..\obj\stm32f4xx_gpio.o
 .text.GPIO_WriteBit
                0x00000000       0x30 ..\obj\stm32f4xx_gpio.o
 .text.GPIO_Write
                0x00000000       0x1c ..\obj\stm32f4xx_gpio.o
 .text          0x00000000        0x0 ..\obj\system_stm32f4xx.o
 .data          0x00000000       0x14 ..\obj\system_stm32f4xx.o
 .bss           0x00000000        0x0 ..\obj\system_stm32f4xx.o
 .text.SystemInit
                0x00000000       0x58 ..\obj\system_stm32f4xx.o
 .text.SystemCoreClockUpdate
                0x00000000       0xf8 ..\obj\system_stm32f4xx.o
 .text.SetSysClock
                0x00000000       0xf4 ..\obj\system_stm32f4xx.o
 .debug_info    0x00000000      0x592 ..\obj\system_stm32f4xx.o
 .debug_abbrev  0x00000000      0x136 ..\obj\system_stm32f4xx.o
 .debug_aranges
                0x00000000       0x30 ..\obj\system_stm32f4xx.o
 .debug_ranges  0x00000000       0x20 ..\obj\system_stm32f4xx.o
 .debug_line    0x00000000      0x26e ..\obj\system_stm32f4xx.o
 .debug_str     0x00000000      0x3e6 ..\obj\system_stm32f4xx.o
 .comment       0x00000000       0x71 ..\obj\system_stm32f4xx.o
 .ARM.attributes
                0x00000000       0x33 ..\obj\system_stm32f4xx.o
 .debug_frame   0x00000000       0x64 ..\obj\system_stm32f4xx.o
 .text          0x00000000        0x0 ..\obj\stm32f4xx_spi.o
 .data          0x00000000        0x0 ..\obj\stm32f4xx_spi.o
 .bss           0x00000000        0x0 ..\obj\stm32f4xx_spi.o
 .text.SPI_I2S_DeInit
                0x00000000       0x74 ..\obj\stm32f4xx_spi.o
 .text.I2S_Init
                0x00000000      0x1b0 ..\obj\stm32f4xx_spi.o
 .text.SPI_StructInit
                0x00000000       0x48 ..\obj\stm32f4xx_spi.o
 .text.I2S_StructInit
                0x00000000       0x38 ..\obj\stm32f4xx_spi.o
 .text.I2S_Cmd  0x00000000       0x40 ..\obj\stm32f4xx_spi.o
 .text.SPI_DataSizeConfig
                0x00000000       0x38 ..\obj\stm32f4xx_spi.o
 .text.SPI_BiDirectionalLineConfig
                0x00000000       0x40 ..\obj\stm32f4xx_spi.o
 .text.SPI_NSSInternalSoftwareConfig
                0x00000000       0x44 ..\obj\stm32f4xx_spi.o
 .text.SPI_SSOutputCmd
                0x00000000       0x40 ..\obj\stm32f4xx_spi.o
 .text.SPI_TIModeCmd
                0x00000000       0x40 ..\obj\stm32f4xx_spi.o
 .text.I2S_FullDuplexConfig
                0x00000000       0x9c ..\obj\stm32f4xx_spi.o
 .text.SPI_CalculateCRC
                0x00000000       0x40 ..\obj\stm32f4xx_spi.o
 .text.SPI_TransmitCRC
                0x00000000       0x24 ..\obj\stm32f4xx_spi.o
 .text.SPI_GetCRC
                0x00000000       0x34 ..\obj\stm32f4xx_spi.o
 .text.SPI_GetCRCPolynomial
                0x00000000       0x1c ..\obj\stm32f4xx_spi.o
 .text.SPI_I2S_DMACmd
                0x00000000       0x48 ..\obj\stm32f4xx_spi.o
 .text.SPI_I2S_ITConfig
                0x00000000       0x60 ..\obj\stm32f4xx_spi.o
 .text.SPI_I2S_ClearFlag
                0x00000000       0x20 ..\obj\stm32f4xx_spi.o
 .text.SPI_I2S_GetITStatus
                0x00000000       0x78 ..\obj\stm32f4xx_spi.o
 .text.SPI_I2S_ClearITPendingBit
                0x00000000       0x34 ..\obj\stm32f4xx_spi.o
 .text          0x00000000        0x0 ..\obj\bsp.o
 .text.led_on   0x00000000       0x30 ..\obj\bsp.o
 .text.led_off  0x00000000       0x30 ..\obj\bsp.o
 .text.sw_getState
                0x00000000       0x18 ..\obj\bsp.o
 .text.bsp_delayMs
                0x00000000       0x2c ..\obj\bsp.o
 .text.bsp_led_init
                0x00000000       0x40 ..\obj\bsp.o
 .text          0x00000000        0x0 ..\obj\stm32f4xx_exti.o
 .data          0x00000000        0x0 ..\obj\stm32f4xx_exti.o
 .bss           0x00000000        0x0 ..\obj\stm32f4xx_exti.o
 .text.EXTI_DeInit
                0x00000000       0x34 ..\obj\stm32f4xx_exti.o
 .text.EXTI_StructInit
                0x00000000       0x2c ..\obj\stm32f4xx_exti.o
 .text.EXTI_GenerateSWInterrupt
                0x00000000       0x24 ..\obj\stm32f4xx_exti.o
 .text.EXTI_GetFlagStatus
                0x00000000       0x34 ..\obj\stm32f4xx_exti.o
 .text.EXTI_ClearITPendingBit
                0x00000000       0x1c ..\obj\stm32f4xx_exti.o
 .text          0x00000000        0x0 ..\obj\misc.o
 .data          0x00000000        0x0 ..\obj\misc.o
 .bss           0x00000000        0x0 ..\obj\misc.o
 .text.NVIC_PriorityGroupConfig
                0x00000000       0x24 ..\obj\misc.o
 .text.NVIC_SetVectorTable
                0x00000000       0x2c ..\obj\misc.o
 .text.NVIC_SystemLPConfig
                0x00000000       0x40 ..\obj\misc.o
 .text.SysTick_CLKSourceConfig
                0x00000000       0x38 ..\obj\misc.o
 .text          0x00000000        0x0 ..\obj\stm32f4xx_tim.o
 .data          0x00000000        0x0 ..\obj\stm32f4xx_tim.o
 .bss           0x00000000        0x0 ..\obj\stm32f4xx_tim.o
 .text.TIM_DeInit
                0x00000000      0x1bc ..\obj\stm32f4xx_tim.o
 .text.TIM_TimeBaseStructInit
                0x00000000       0x34 ..\obj\stm32f4xx_tim.o
 .text.TIM_PrescalerConfig
                0x00000000       0x28 ..\obj\stm32f4xx_tim.o
 .text.TIM_CounterModeConfig
                0x00000000       0x38 ..\obj\stm32f4xx_tim.o
 .text.TIM_SetCounter
                0x00000000       0x1c ..\obj\stm32f4xx_tim.o
 .text.TIM_SetAutoreload
                0x00000000       0x1c ..\obj\stm32f4xx_tim.o
 .text.TIM_GetCounter
                0x00000000       0x18 ..\obj\stm32f4xx_tim.o
 .text.TIM_GetPrescaler
                0x00000000       0x1c ..\obj\stm32f4xx_tim.o
 .text.TIM_UpdateDisableConfig
                0x00000000       0x40 ..\obj\stm32f4xx_tim.o
 .text.TIM_UpdateRequestConfig
                0x00000000       0x40 ..\obj\stm32f4xx_tim.o
 .text.TIM_SelectOnePulseMode
                0x00000000       0x38 ..\obj\stm32f4xx_tim.o
 .text.TIM_SetClockDivision
                0x00000000       0x38 ..\obj\stm32f4xx_tim.o
 .text.TIM_OCStructInit
                0x00000000       0x44 ..\obj\stm32f4xx_tim.o
 .text.TIM_SelectOCxM
                0x00000000       0xac ..\obj\stm32f4xx_tim.o
 .text.TIM_SetCompare1
                0x00000000       0x1c ..\obj\stm32f4xx_tim.o
 .text.TIM_SetCompare2
                0x00000000       0x1c ..\obj\stm32f4xx_tim.o
 .text.TIM_SetCompare3
                0x00000000       0x1c ..\obj\stm32f4xx_tim.o
 .text.TIM_SetCompare4
                0x00000000       0x1c ..\obj\stm32f4xx_tim.o
 .text.TIM_ForcedOC1Config
                0x00000000       0x38 ..\obj\stm32f4xx_tim.o
 .text.TIM_ForcedOC2Config
                0x00000000       0x3c ..\obj\stm32f4xx_tim.o
 .text.TIM_ForcedOC3Config
                0x00000000       0x38 ..\obj\stm32f4xx_tim.o
 .text.TIM_ForcedOC4Config
                0x00000000       0x3c ..\obj\stm32f4xx_tim.o
 .text.TIM_OC1FastConfig
                0x00000000       0x38 ..\obj\stm32f4xx_tim.o
 .text.TIM_OC2FastConfig
                0x00000000       0x3c ..\obj\stm32f4xx_tim.o
 .text.TIM_OC3FastConfig
                0x00000000       0x38 ..\obj\stm32f4xx_tim.o
 .text.TIM_OC4FastConfig
                0x00000000       0x3c ..\obj\stm32f4xx_tim.o
 .text.TIM_ClearOC1Ref
                0x00000000       0x38 ..\obj\stm32f4xx_tim.o
 .text.TIM_ClearOC2Ref
                0x00000000       0x3c ..\obj\stm32f4xx_tim.o
 .text.TIM_ClearOC3Ref
                0x00000000       0x38 ..\obj\stm32f4xx_tim.o
 .text.TIM_ClearOC4Ref
                0x00000000       0x3c ..\obj\stm32f4xx_tim.o
 .text.TIM_OC1PolarityConfig
                0x00000000       0x38 ..\obj\stm32f4xx_tim.o
 .text.TIM_OC1NPolarityConfig
                0x00000000       0x38 ..\obj\stm32f4xx_tim.o
 .text.TIM_OC2PolarityConfig
                0x00000000       0x3c ..\obj\stm32f4xx_tim.o
 .text.TIM_OC2NPolarityConfig
                0x00000000       0x3c ..\obj\stm32f4xx_tim.o
 .text.TIM_OC3PolarityConfig
                0x00000000       0x3c ..\obj\stm32f4xx_tim.o
 .text.TIM_OC3NPolarityConfig
                0x00000000       0x3c ..\obj\stm32f4xx_tim.o
 .text.TIM_OC4PolarityConfig
                0x00000000       0x3c ..\obj\stm32f4xx_tim.o
 .text.TIM_CCxCmd
                0x00000000       0x54 ..\obj\stm32f4xx_tim.o
 .text.TIM_CCxNCmd
                0x00000000       0x54 ..\obj\stm32f4xx_tim.o
 .text.TIM_ICInit
                0x00000000       0xa8 ..\obj\stm32f4xx_tim.o
 .text.TIM_ICStructInit
                0x00000000       0x30 ..\obj\stm32f4xx_tim.o
 .text.TIM_PWMIConfig
                0x00000000       0xb8 ..\obj\stm32f4xx_tim.o
 .text.TIM_GetCapture1
                0x00000000       0x18 ..\obj\stm32f4xx_tim.o
 .text.TIM_GetCapture2
                0x00000000       0x18 ..\obj\stm32f4xx_tim.o
 .text.TIM_GetCapture3
                0x00000000       0x18 ..\obj\stm32f4xx_tim.o
 .text.TIM_GetCapture4
                0x00000000       0x18 ..\obj\stm32f4xx_tim.o
 .text.TIM_SetIC1Prescaler
                0x00000000       0x38 ..\obj\stm32f4xx_tim.o
 .text.TIM_SetIC2Prescaler
                0x00000000       0x3c ..\obj\stm32f4xx_tim.o
 .text.TIM_SetIC3Prescaler
                0x00000000       0x38 ..\obj\stm32f4xx_tim.o
 .text.TIM_SetIC4Prescaler
                0x00000000       0x3c ..\obj\stm32f4xx_tim.o
 .text.TIM_BDTRConfig
                0x00000000       0x50 ..\obj\stm32f4xx_tim.o
 .text.TIM_BDTRStructInit
                0x00000000       0x3c ..\obj\stm32f4xx_tim.o
 .text.TIM_CtrlPWMOutputs
                0x00000000       0x4c ..\obj\stm32f4xx_tim.o
 .text.TIM_SelectCOM
                0x00000000       0x40 ..\obj\stm32f4xx_tim.o
 .text.TIM_CCPreloadControl
                0x00000000       0x40 ..\obj\stm32f4xx_tim.o
 .text.TIM_GenerateEvent
                0x00000000       0x1c ..\obj\stm32f4xx_tim.o
 .text.TIM_GetFlagStatus
                0x00000000       0x38 ..\obj\stm32f4xx_tim.o
 .text.TIM_ClearFlag
                0x00000000       0x20 ..\obj\stm32f4xx_tim.o
 .text.TIM_DMAConfig
                0x00000000       0x28 ..\obj\stm32f4xx_tim.o
 .text.TIM_DMACmd
                0x00000000       0x48 ..\obj\stm32f4xx_tim.o
 .text.TIM_SelectCCDMA
                0x00000000       0x40 ..\obj\stm32f4xx_tim.o
 .text.TIM_InternalClockConfig
                0x00000000       0x24 ..\obj\stm32f4xx_tim.o
 .text.TIM_ITRxExternalClockConfig
                0x00000000       0x2c ..\obj\stm32f4xx_tim.o
 .text.TIM_TIxExternalClockConfig
                0x00000000       0x54 ..\obj\stm32f4xx_tim.o
 .text.TIM_ETRClockMode1Config
                0x00000000       0x50 ..\obj\stm32f4xx_tim.o
 .text.TIM_ETRClockMode2Config
                0x00000000       0x30 ..\obj\stm32f4xx_tim.o
 .text.TIM_SelectInputTrigger
                0x00000000       0x38 ..\obj\stm32f4xx_tim.o
 .text.TIM_SelectOutputTrigger
                0x00000000       0x38 ..\obj\stm32f4xx_tim.o
 .text.TIM_SelectSlaveMode
                0x00000000       0x38 ..\obj\stm32f4xx_tim.o
 .text.TIM_SelectMasterSlaveMode
                0x00000000       0x38 ..\obj\stm32f4xx_tim.o
 .text.TIM_ETRConfig
                0x00000000       0x48 ..\obj\stm32f4xx_tim.o
 .text.TIM_EncoderInterfaceConfig
                0x00000000       0x8c ..\obj\stm32f4xx_tim.o
 .text.TIM_SelectHallSensor
                0x00000000       0x40 ..\obj\stm32f4xx_tim.o
 .text.TIM_RemapConfig
                0x00000000       0x20 ..\obj\stm32f4xx_tim.o
 .text.TI1_Config
                0x00000000       0x78 ..\obj\stm32f4xx_tim.o
 .text.TI2_Config
                0x00000000       0x8c ..\obj\stm32f4xx_tim.o
 .text.TI3_Config
                0x00000000       0x84 ..\obj\stm32f4xx_tim.o
 .text.TI4_Config
                0x00000000       0x90 ..\obj\stm32f4xx_tim.o
 .data          0x00000000        0x0 c:/program files (x86)/gnu tools arm embedded/4.8 2014q2/bin/../lib/gcc/arm-none-eabi/4.8.4/armv7e-m\libgcc.a(_arm_addsubsf3.o)
 .bss           0x00000000        0x0 c:/program files (x86)/gnu tools arm embedded/4.8 2014q2/bin/../lib/gcc/arm-none-eabi/4.8.4/armv7e-m\libgcc.a(_arm_addsubsf3.o)
 .data          0x00000000        0x0 c:/program files (x86)/gnu tools arm embedded/4.8 2014q2/bin/../lib/gcc/arm-none-eabi/4.8.4/armv7e-m\libgcc.a(_arm_muldivsf3.o)
 .bss           0x00000000        0x0 c:/program files (x86)/gnu tools arm embedded/4.8 2014q2/bin/../lib/gcc/arm-none-eabi/4.8.4/armv7e-m\libgcc.a(_arm_muldivsf3.o)
 .data          0x00000000        0x0 c:/program files (x86)/gnu tools arm embedded/4.8 2014q2/bin/../lib/gcc/arm-none-eabi/4.8.4/armv7e-m\libgcc.a(_arm_cmpsf2.o)
 .bss           0x00000000        0x0 c:/program files (x86)/gnu tools arm embedded/4.8 2014q2/bin/../lib/gcc/arm-none-eabi/4.8.4/armv7e-m\libgcc.a(_arm_cmpsf2.o)
 .data          0x00000000        0x0 c:/program files (x86)/gnu tools arm embedded/4.8 2014q2/bin/../lib/gcc/arm-none-eabi/4.8.4/armv7e-m\libgcc.a(_arm_fixsfsi.o)
 .bss           0x00000000        0x0 c:/program files (x86)/gnu tools arm embedded/4.8 2014q2/bin/../lib/gcc/arm-none-eabi/4.8.4/armv7e-m\libgcc.a(_arm_fixsfsi.o)

Memory Configuration

Name             Origin             Length             Attributes
rom              0x08000000         0x00040000         xr
ram              0x20000000         0x00010000         xrw
*default*        0x00000000         0xffffffff

Linker script and memory map

                0x20010000                _eram = 0x20010000

.text           0x08000000     0x1c8c
 *(.isr_vector)
 .isr_vector    0x08000000      0x188 ..\obj\startup_stm32f4xx.o
                0x08000000                g_pfnVectors
 *(.text*)
 .text.SYSCFG_EXTILineConfig
                0x08000188       0x7c ..\obj\stm32f4xx_syscfg.o
                0x08000188                SYSCFG_EXTILineConfig
 .text.LIS3DSH_Init_SPI_Bus
                0x08000204       0xc0 ..\obj\LIS3DSH.o
                0x08000204                LIS3DSH_Init_SPI_Bus
 .text.LIS3DSH_SPI_Read_Write
                0x080002c4       0x4c ..\obj\LIS3DSH.o
                0x080002c4                LIS3DSH_SPI_Read_Write
 .text.LIS3DSH_Init
                0x08000310        0xc ..\obj\LIS3DSH.o
                0x08000310                LIS3DSH_Init
 .text.LIS3DSH_Read
                0x0800031c       0x40 ..\obj\LIS3DSH.o
                0x0800031c                LIS3DSH_Read
 .text.LIS3DSH_Write
                0x0800035c       0x38 ..\obj\LIS3DSH.o
                0x0800035c                LIS3DSH_Write
 .text.LIS3DSH_Set_Output
                0x08000394       0x1c ..\obj\LIS3DSH.o
                0x08000394                LIS3DSH_Set_Output
 .text.LIS3DSH_Get_X_Out
                0x080003b0       0x58 ..\obj\LIS3DSH.o
                0x080003b0                LIS3DSH_Get_X_Out
 .text.LIS3DSH_Get_Y_Out
                0x08000408       0x58 ..\obj\LIS3DSH.o
                0x08000408                LIS3DSH_Get_Y_Out
 .text.LIS3DSH_Get_Z_Out
                0x08000460       0x58 ..\obj\LIS3DSH.o
                0x08000460                LIS3DSH_Get_Z_Out
 .text.Default_Reset_Handler
                0x080004b8       0x5c ..\obj\startup_stm32f4xx.o
                0x080004b8                Default_Reset_Handler
                0x080004b8                Reset_Handler
 .text.Default_Handler
                0x08000514        0x8 ..\obj\startup_stm32f4xx.o
                0x08000514                RTC_Alarm_IRQHandler
                0x08000514                HASH_RNG_IRQHandler
                0x08000514                EXTI2_IRQHandler
                0x08000514                TIM8_CC_IRQHandler
                0x08000514                DebugMon_Handler
                0x08000514                TIM1_CC_IRQHandler
                0x08000514                DMA2_Stream5_IRQHandler
                0x08000514                HardFault_Handler
                0x08000514                DMA1_Stream5_IRQHandler
                0x08000514                SysTick_Handler
                0x08000514                PVD_IRQHandler
                0x08000514                SDIO_IRQHandler
                0x08000514                TAMP_STAMP_IRQHandler
                0x08000514                PendSV_Handler
                0x08000514                NMI_Handler
                0x08000514                CAN2_RX1_IRQHandler
                0x08000514                EXTI3_IRQHandler
                0x08000514                TIM8_TRG_COM_TIM14_IRQHandler
                0x08000514                TIM1_UP_TIM10_IRQHandler
                0x08000514                TIM8_UP_TIM13_IRQHandler
                0x08000514                I2C3_ER_IRQHandler
                0x08000514                I2C2_EV_IRQHandler
                0x08000514                DMA1_Stream2_IRQHandler
                0x08000514                CAN1_RX0_IRQHandler
                0x08000514                FPU_IRQHandler
                0x08000514                OTG_HS_WKUP_IRQHandler
                0x08000514                UsageFault_Handler
                0x08000514                CAN2_SCE_IRQHandler
                0x08000514                DMA2_Stream2_IRQHandler
                0x08000514                SPI1_IRQHandler
                0x08000514                TIM6_DAC_IRQHandler
                0x08000514                TIM1_BRK_TIM9_IRQHandler
                0x08000514                DCMI_IRQHandler
                0x08000514                CAN2_RX0_IRQHandler
                0x08000514                DMA2_Stream3_IRQHandler
                0x08000514                USART6_IRQHandler
                0x08000514                USART3_IRQHandler
                0x08000514                CRYP_IRQHandler
                0x08000514                CAN1_RX1_IRQHandler
                0x08000514                UART5_IRQHandler
                0x08000514                DMA2_Stream0_IRQHandler
                0x08000514                TIM4_IRQHandler
                0x08000514                I2C1_EV_IRQHandler
                0x08000514                DMA1_Stream6_IRQHandler
                0x08000514                DMA1_Stream1_IRQHandler
                0x08000514                UART4_IRQHandler
                0x08000514                TIM3_IRQHandler
                0x08000514                RCC_IRQHandler
                0x08000514                TIM8_BRK_TIM12_IRQHandler
                0x08000514                EXTI15_10_IRQHandler
                0x08000514                ADC_IRQHandler
                0x08000514                DMA1_Stream7_IRQHandler
                0x08000514                TIM7_IRQHandler
                0x08000514                CAN2_TX_IRQHandler
                0x08000514                TIM5_IRQHandler
                0x08000514                DMA2_Stream7_IRQHandler
                0x08000514                I2C3_EV_IRQHandler
                0x08000514                EXTI9_5_IRQHandler
                0x08000514                RTC_WKUP_IRQHandler
                0x08000514                ETH_WKUP_IRQHandler
                0x08000514                SPI2_IRQHandler
                0x08000514                OTG_HS_EP1_IN_IRQHandler
                0x08000514                MemManage_Handler
                0x08000514                DMA1_Stream0_IRQHandler
                0x08000514                CAN1_TX_IRQHandler
                0x08000514                SVC_Handler
                0x08000514                EXTI4_IRQHandler
                0x08000514                FSMC_IRQHandler
                0x08000514                ETH_IRQHandler
                0x08000514                OTG_HS_EP1_OUT_IRQHandler
                0x08000514                WWDG_IRQHandler
                0x08000514                OTG_FS_WKUP_IRQHandler
                0x08000514                TIM1_TRG_COM_TIM11_IRQHandler
                0x08000514                OTG_HS_IRQHandler
                0x08000514                EXTI1_IRQHandler
                0x08000514                USART2_IRQHandler
                0x08000514                I2C2_ER_IRQHandler
                0x08000514                DMA2_Stream1_IRQHandler
                0x08000514                CAN1_SCE_IRQHandler
                0x08000514                FLASH_IRQHandler
                0x08000514                DMA2_Stream4_IRQHandler
                0x08000514                BusFault_Handler
                0x08000514                USART1_IRQHandler
                0x08000514                OTG_FS_IRQHandler
                0x08000514                SPI3_IRQHandler
                0x08000514                DMA1_Stream4_IRQHandler
                0x08000514                I2C1_ER_IRQHandler
                0x08000514                DMA2_Stream6_IRQHandler
                0x08000514                DMA1_Stream3_IRQHandler
 .text.main     0x0800051c       0xd0 ..\obj\main.o
                0x0800051c                main
 .text.APP_ISR_sw
                0x080005ec        0xc ..\obj\main.o
                0x080005ec                APP_ISR_sw
 .text.APP_ISR_1ms
                0x080005f8       0x2c ..\obj\main.o
                0x080005f8                APP_ISR_1ms
 .text.RCC_AHB1PeriphClockCmd
                0x08000624       0x3c ..\obj\stm32f4xx_rcc.o
                0x08000624                RCC_AHB1PeriphClockCmd
 .text.RCC_APB1PeriphClockCmd
                0x08000660       0x3c ..\obj\stm32f4xx_rcc.o
                0x08000660                RCC_APB1PeriphClockCmd
 .text.RCC_APB2PeriphClockCmd
                0x0800069c       0x3c ..\obj\stm32f4xx_rcc.o
                0x0800069c                RCC_APB2PeriphClockCmd
 .text.GPIO_Init
                0x080006d8      0x11c ..\obj\stm32f4xx_gpio.o
                0x080006d8                GPIO_Init
 .text.GPIO_SetBits
                0x080007f4       0x1c ..\obj\stm32f4xx_gpio.o
                0x080007f4                GPIO_SetBits
 .text.GPIO_ResetBits
                0x08000810       0x1c ..\obj\stm32f4xx_gpio.o
                0x08000810                GPIO_ResetBits
 .text.GPIO_ToggleBits
                0x0800082c       0x24 ..\obj\stm32f4xx_gpio.o
                0x0800082c                GPIO_ToggleBits
 .text.GPIO_PinAFConfig
                0x08000850       0x8c ..\obj\stm32f4xx_gpio.o
                0x08000850                GPIO_PinAFConfig
 .text.SPI_Init
                0x080008dc       0x88 ..\obj\stm32f4xx_spi.o
                0x080008dc                SPI_Init
 .text.SPI_Cmd  0x08000964       0x40 ..\obj\stm32f4xx_spi.o
                0x08000964                SPI_Cmd
 .text.SPI_I2S_ReceiveData
                0x080009a4       0x1c ..\obj\stm32f4xx_spi.o
                0x080009a4                SPI_I2S_ReceiveData
 .text.SPI_I2S_SendData
                0x080009c0       0x1c ..\obj\stm32f4xx_spi.o
                0x080009c0                SPI_I2S_SendData
 .text.SPI_I2S_GetFlagStatus
                0x080009dc       0x38 ..\obj\stm32f4xx_spi.o
                0x080009dc                SPI_I2S_GetFlagStatus
 .text.led_toggle
                0x08000a14       0x30 ..\obj\bsp.o
                0x08000a14                led_toggle
 .text.led_setBright
                0x08000a44       0x40 ..\obj\bsp.o
                0x08000a44                led_setBright
 .text.EXTI0_IRQHandler
                0x08000a84       0x1c ..\obj\bsp.o
                0x08000a84                EXTI0_IRQHandler
 .text.TIM2_IRQHandler
                0x08000aa0       0x40 ..\obj\bsp.o
                0x08000aa0                TIM2_IRQHandler
 .text.bsp_init
                0x08000ae0       0x1c ..\obj\bsp.o
                0x08000ae0                bsp_init
 .text.bsp_get_acc
                0x08000afc       0xd4 ..\obj\bsp.o
                0x08000afc                bsp_get_acc
 .text.bsp_sw_init
                0x08000bd0       0x74 ..\obj\bsp.o
                0x08000bd0                bsp_sw_init
 .text.bsp_timer_config
                0x08000c44       0x60 ..\obj\bsp.o
                0x08000c44                bsp_timer_config
 .text.bsp_pwm_config
                0x08000ca4      0x10c ..\obj\bsp.o
                0x08000ca4                bsp_pwm_config
 .text.EXTI_Init
                0x08000db0       0xdc ..\obj\stm32f4xx_exti.o
                0x08000db0                EXTI_Init
 .text.EXTI_ClearFlag
                0x08000e8c       0x1c ..\obj\stm32f4xx_exti.o
                0x08000e8c                EXTI_ClearFlag
 .text.EXTI_GetITStatus
                0x08000ea8       0x48 ..\obj\stm32f4xx_exti.o
                0x08000ea8                EXTI_GetITStatus
 .text.NVIC_Init
                0x08000ef0       0xbc ..\obj\misc.o
                0x08000ef0                NVIC_Init
 .text.TIM_TimeBaseInit
                0x08000fac       0xd4 ..\obj\stm32f4xx_tim.o
                0x08000fac                TIM_TimeBaseInit
 .text.TIM_ARRPreloadConfig
                0x08001080       0x40 ..\obj\stm32f4xx_tim.o
                0x08001080                TIM_ARRPreloadConfig
 .text.TIM_Cmd  0x080010c0       0x40 ..\obj\stm32f4xx_tim.o
                0x080010c0                TIM_Cmd
 .text.TIM_OC1Init
                0x08001100       0xf4 ..\obj\stm32f4xx_tim.o
                0x08001100                TIM_OC1Init
 .text.TIM_OC2Init
                0x080011f4      0x110 ..\obj\stm32f4xx_tim.o
                0x080011f4                TIM_OC2Init
 .text.TIM_OC3Init
                0x08001304      0x10c ..\obj\stm32f4xx_tim.o
                0x08001304                TIM_OC3Init
 .text.TIM_OC4Init
                0x08001410       0xcc ..\obj\stm32f4xx_tim.o
                0x08001410                TIM_OC4Init
 .text.TIM_OC1PreloadConfig
                0x080014dc       0x38 ..\obj\stm32f4xx_tim.o
                0x080014dc                TIM_OC1PreloadConfig
 .text.TIM_OC2PreloadConfig
                0x08001514       0x3c ..\obj\stm32f4xx_tim.o
                0x08001514                TIM_OC2PreloadConfig
 .text.TIM_OC3PreloadConfig
                0x08001550       0x38 ..\obj\stm32f4xx_tim.o
                0x08001550                TIM_OC3PreloadConfig
 .text.TIM_OC4PreloadConfig
                0x08001588       0x3c ..\obj\stm32f4xx_tim.o
                0x08001588                TIM_OC4PreloadConfig
 .text.TIM_ITConfig
                0x080015c4       0x48 ..\obj\stm32f4xx_tim.o
                0x080015c4                TIM_ITConfig
 .text.TIM_GetITStatus
                0x0800160c       0x54 ..\obj\stm32f4xx_tim.o
                0x0800160c                TIM_GetITStatus
 .text.TIM_ClearITPendingBit
                0x08001660       0x20 ..\obj\stm32f4xx_tim.o
                0x08001660                TIM_ClearITPendingBit
 .text          0x08001680      0x21c c:/program files (x86)/gnu tools arm embedded/4.8 2014q2/bin/../lib/gcc/arm-none-eabi/4.8.4/armv7e-m\libgcc.a(_arm_addsubsf3.o)
                0x08001680                __aeabi_frsub
                0x08001688                __subsf3
                0x08001688                __aeabi_fsub
                0x0800168c                __aeabi_fadd
                0x0800168c                __addsf3
                0x080017ec                __aeabi_ui2f
                0x080017ec                __floatunsisf
                0x080017f4                __aeabi_i2f
                0x080017f4                __floatsisf
                0x08001810                __aeabi_ul2f
                0x08001810                __floatundisf
                0x08001820                __aeabi_l2f
                0x08001820                __floatdisf
 .text          0x0800189c      0x2a0 c:/program files (x86)/gnu tools arm embedded/4.8 2014q2/bin/../lib/gcc/arm-none-eabi/4.8.4/armv7e-m\libgcc.a(_arm_muldivsf3.o)
                0x0800189c                __mulsf3
                0x0800189c                __aeabi_fmul
                0x08001a04                __aeabi_fdiv
                0x08001a04                __divsf3
 .text          0x08001b3c       0xec c:/program files (x86)/gnu tools arm embedded/4.8 2014q2/bin/../lib/gcc/arm-none-eabi/4.8.4/armv7e-m\libgcc.a(_arm_cmpsf2.o)
                0x08001b3c                __gesf2
                0x08001b3c                __gtsf2
                0x08001b44                __lesf2
                0x08001b44                __ltsf2
                0x08001b4c                __nesf2
                0x08001b4c                __eqsf2
                0x08001b4c                __cmpsf2
                0x08001bac                __aeabi_cfrcmple
                0x08001bb4                __aeabi_cfcmpeq
                0x08001bb4                __aeabi_cfcmple
                0x08001bc4                __aeabi_fcmpeq
                0x08001bd8                __aeabi_fcmplt
                0x08001bec                __aeabi_fcmple
                0x08001c00                __aeabi_fcmpge
                0x08001c14                __aeabi_fcmpgt
 .text          0x08001c28       0x4c c:/program files (x86)/gnu tools arm embedded/4.8 2014q2/bin/../lib/gcc/arm-none-eabi/4.8.4/armv7e-m\libgcc.a(_arm_fixsfsi.o)
                0x08001c28                __aeabi_f2iz
                0x08001c28                __fixsfsi
 *(.init)
 *(.fini)
 *crtbegin.o(.ctors)
 *crtbegin?.o(.ctors)
 *(EXCLUDE_FILE(*crtend.o *crtend?.o) .ctors)
 *(SORT(.ctors.*))
 *(.ctors)
 *crtbegin.o(.dtors)
 *crtbegin?.o(.dtors)
 *(EXCLUDE_FILE(*crtend.o *crtend?.o) .dtors)
 *(SORT(.dtors.*))
 *(.dtors)
 *(.rodata*)
 .rodata        0x08001c74       0x18 ..\obj\bsp.o
                0x08001c74                leds
                0x08001c7c                leds_pwm
 *(.eh_fram e*)

.glue_7         0x08001c8c        0x0
 .glue_7        0x00000000        0x0 linker stubs

.glue_7t        0x08001c8c        0x0
 .glue_7t       0x00000000        0x0 linker stubs

.vfp11_veneer   0x08001c8c        0x0
 .vfp11_veneer  0x00000000        0x0 linker stubs

.v4_bx          0x08001c8c        0x0
 .v4_bx         0x00000000        0x0 linker stubs

.iplt           0x08001c8c        0x0
 .iplt          0x00000000        0x0 ..\obj\stm32f4xx_syscfg.o

.rel.dyn        0x08001c8c        0x0
 .rel.iplt      0x00000000        0x0 ..\obj\stm32f4xx_syscfg.o

.ARM.extab
 *(.ARM.extab* .gnu.linkonce.armextab.*)
                0x08001c8c                __exidx_start = .

.ARM.exidx
 *(.ARM.exidx* .gnu.linkonce.armexidx.*)
                0x08001c8c                __exidx_end = .
                0x08001c8c                __etext = .
                0x08001c8c                _sidata = __etext

.data           0x20000000       0x14 load address 0x08001c8c
                0x20000000                __data_start__ = .
                0x20000000                _sdata = __data_start__
 *(vtable)
 *(.data*)
 .data          0x20000000        0x2 ..\obj\main.o
 *fill*         0x20000002        0x2 
 .data          0x20000004       0x10 ..\obj\bsp.o
                0x20000004                leds_port
                0x20000014                . = ALIGN (0x4)
                0x20000014                PROVIDE (__preinit_array_start, .)
 *(.preinit_array)
                0x20000014                PROVIDE (__preinit_array_end, .)
                0x20000014                . = ALIGN (0x4)
                0x20000014                PROVIDE (__init_array_start, .)
 *(SORT(.init_array.*))
 *(.init_array)
                0x20000014                PROVIDE (__init_array_end, .)
                0x20000014                . = ALIGN (0x4)
                0x20000014                PROVIDE (__fini_array_start, .)
 *(SORT(.fini_array.*))
 *(.fini_array)
                0x20000014                PROVIDE (__fini_array_end, .)
 *(.jcr*)
                0x20000014                . = ALIGN (0x4)
                0x20000014                __data_end__ = .
                0x20000014                _edata = __data_end__

.igot.plt       0x20000014        0x0 load address 0x08001ca0
 .igot.plt      0x00000000        0x0 ..\obj\stm32f4xx_syscfg.o

.bss            0x20000014        0x4 load address 0x08001ca0
                0x20000014                . = ALIGN (0x4)
                0x20000014                __bss_start__ = .
                0x20000014                _sbss = __bss_start__
 *(.bss*)
 .bss           0x20000014        0x2 ..\obj\bsp.o
                0x20000014                bsp_contMs
 *(COMMON)
                0x20000018                . = ALIGN (0x4)
 *fill*         0x20000016        0x2 
                0x20000018                __bss_end__ = .
                0x20000018                _ebss = __bss_end__

.heap           0x20000018        0x0
                0x20000018                __end__ = .
                0x20000018                _end = __end__
                0x20000018                end = __end__
 *(.heap*)
                0x20000018                __HeapLimit = .

.co_stack       0x20000018      0x800 load address 0x08001ca4
                0x20000018                . = ALIGN (0x8)
 *(.co_stack .co_stack.*)
 .co_stack      0x20000018      0x800 ..\obj\startup_stm32f4xx.o
                0x20000018                pulStack
                0x20010000                __StackTop = (ORIGIN (ram) + 0x10000)
                0x2000f800                __StackLimit = (__StackTop - SIZEOF (.co_stack))
                0x20010000                PROVIDE (__stack, __StackTop)
                0x00000001                ASSERT ((__StackLimit >= __HeapLimit), region ram  overflowed with stack)
LOAD ..\obj\stm32f4xx_syscfg.o
LOAD ..\obj\LIS3DSH.o
LOAD ..\obj\startup_stm32f4xx.o
LOAD ..\obj\main.o
LOAD ..\obj\stm32f4xx_rcc.o
LOAD ..\obj\stm32f4xx_gpio.o
LOAD ..\obj\system_stm32f4xx.o
LOAD ..\obj\stm32f4xx_spi.o
LOAD ..\obj\bsp.o
LOAD ..\obj\stm32f4xx_exti.o
LOAD ..\obj\misc.o
LOAD ..\obj\stm32f4xx_tim.o
START GROUP
LOAD c:/program files (x86)/gnu tools arm embedded/4.8 2014q2/bin/../lib/gcc/arm-none-eabi/4.8.4/armv7e-m\libgcc.a
LOAD c:/program files (x86)/gnu tools arm embedded/4.8 2014q2/bin/../lib/gcc/arm-none-eabi/4.8.4/../../../../arm-none-eabi/lib/armv7e-m\libg.a
LOAD c:/program files (x86)/gnu tools arm embedded/4.8 2014q2/bin/../lib/gcc/arm-none-eabi/4.8.4/../../../../arm-none-eabi/lib/armv7e-m\libc.a
END GROUP
OUTPUT(TP4-Interrupciones-Timer-y-Boton.elf elf32-littlearm)

.debug_info     0x00000000     0x584e
 .debug_info    0x00000000      0x26c ..\obj\stm32f4xx_syscfg.o
 .debug_info    0x0000026c      0x5eb ..\obj\LIS3DSH.o
 .debug_info    0x00000857       0xed ..\obj\startup_stm32f4xx.o
 .debug_info    0x00000944      0x1c7 ..\obj\main.o
 .debug_info    0x00000b0b      0xc4d ..\obj\stm32f4xx_rcc.o
 .debug_info    0x00001758      0x602 ..\obj\stm32f4xx_gpio.o
 .debug_info    0x00001d5a      0xb07 ..\obj\stm32f4xx_spi.o
 .debug_info    0x00002861      0xb08 ..\obj\bsp.o
 .debug_info    0x00003369      0x347 ..\obj\stm32f4xx_exti.o
 .debug_info    0x000036b0      0x53d ..\obj\misc.o
 .debug_info    0x00003bed     0x1c61 ..\obj\stm32f4xx_tim.o

.debug_abbrev   0x00000000      0xf6c
 .debug_abbrev  0x00000000      0x131 ..\obj\stm32f4xx_syscfg.o
 .debug_abbrev  0x00000131      0x14b ..\obj\LIS3DSH.o
 .debug_abbrev  0x0000027c       0xb0 ..\obj\startup_stm32f4xx.o
 .debug_abbrev  0x0000032c       0xf6 ..\obj\main.o
 .debug_abbrev  0x00000422      0x1e3 ..\obj\stm32f4xx_rcc.o
 .debug_abbrev  0x00000605      0x1a3 ..\obj\stm32f4xx_gpio.o
 .debug_abbrev  0x000007a8      0x167 ..\obj\stm32f4xx_spi.o
 .debug_abbrev  0x0000090f      0x1ec ..\obj\bsp.o
 .debug_abbrev  0x00000afb      0x1a5 ..\obj\stm32f4xx_exti.o
 .debug_abbrev  0x00000ca0      0x145 ..\obj\misc.o
 .debug_abbrev  0x00000de5      0x187 ..\obj\stm32f4xx_tim.o

.debug_aranges  0x00000000      0x810
 .debug_aranges
                0x00000000       0x48 ..\obj\stm32f4xx_syscfg.o
 .debug_aranges
                0x00000048       0x68 ..\obj\LIS3DSH.o
 .debug_aranges
                0x000000b0       0x28 ..\obj\startup_stm32f4xx.o
 .debug_aranges
                0x000000d8       0x40 ..\obj\main.o
 .debug_aranges
                0x00000118      0x178 ..\obj\stm32f4xx_rcc.o
 .debug_aranges
                0x00000290       0x88 ..\obj\stm32f4xx_gpio.o
 .debug_aranges
                0x00000318       0xe0 ..\obj\stm32f4xx_spi.o
 .debug_aranges
                0x000003f8       0x88 ..\obj\bsp.o
 .debug_aranges
                0x00000480       0x58 ..\obj\stm32f4xx_exti.o
 .debug_aranges
                0x000004d8       0x40 ..\obj\misc.o
 .debug_aranges
                0x00000518      0x2f8 ..\obj\stm32f4xx_tim.o

.debug_ranges   0x00000000      0x760
 .debug_ranges  0x00000000       0x38 ..\obj\stm32f4xx_syscfg.o
 .debug_ranges  0x00000038       0x58 ..\obj\LIS3DSH.o
 .debug_ranges  0x00000090       0x18 ..\obj\startup_stm32f4xx.o
 .debug_ranges  0x000000a8       0x30 ..\obj\main.o
 .debug_ranges  0x000000d8      0x168 ..\obj\stm32f4xx_rcc.o
 .debug_ranges  0x00000240       0x78 ..\obj\stm32f4xx_gpio.o
 .debug_ranges  0x000002b8       0xd0 ..\obj\stm32f4xx_spi.o
 .debug_ranges  0x00000388       0x78 ..\obj\bsp.o
 .debug_ranges  0x00000400       0x48 ..\obj\stm32f4xx_exti.o
 .debug_ranges  0x00000448       0x30 ..\obj\misc.o
 .debug_ranges  0x00000478      0x2e8 ..\obj\stm32f4xx_tim.o

.debug_line     0x00000000     0x3024
 .debug_line    0x00000000      0x2da ..\obj\stm32f4xx_syscfg.o
 .debug_line    0x000002da      0x3d5 ..\obj\LIS3DSH.o
 .debug_line    0x000006af       0xdd ..\obj\startup_stm32f4xx.o
 .debug_line    0x0000078c      0x1c9 ..\obj\main.o
 .debug_line    0x00000955      0x699 ..\obj\stm32f4xx_rcc.o
 .debug_line    0x00000fee      0x43e ..\obj\stm32f4xx_gpio.o
 .debug_line    0x0000142c      0x551 ..\obj\stm32f4xx_spi.o
 .debug_line    0x0000197d      0x45b ..\obj\bsp.o
 .debug_line    0x00001dd8      0x3a4 ..\obj\stm32f4xx_exti.o
 .debug_line    0x0000217c      0x344 ..\obj\misc.o
 .debug_line    0x000024c0      0xb64 ..\obj\stm32f4xx_tim.o

.debug_str      0x00000000     0x2b19
 .debug_str     0x00000000      0x2d2 ..\obj\stm32f4xx_syscfg.o
                                0x330 (size before relaxing)
 .debug_str     0x000002d2      0x425 ..\obj\LIS3DSH.o
                                0x59e (size before relaxing)
 .debug_str     0x000006f7       0xec ..\obj\startup_stm32f4xx.o
                                0x183 (size before relaxing)
 .debug_str     0x000007e3       0xe2 ..\obj\main.o
                                0x227 (size before relaxing)
 .debug_str     0x000008c5      0x678 ..\obj\stm32f4xx_rcc.o
                                0x88c (size before relaxing)
 .debug_str     0x00000f3d      0x1d9 ..\obj\stm32f4xx_gpio.o
                                0x4df (size before relaxing)
 .debug_str     0x00001116      0x346 ..\obj\stm32f4xx_spi.o
                                0x6c6 (size before relaxing)
 .debug_str     0x0000145c      0x956 ..\obj\bsp.o
                                0xcdc (size before relaxing)
 .debug_str     0x00001db2      0x13c ..\obj\stm32f4xx_exti.o
                                0x395 (size before relaxing)
 .debug_str     0x00001eee      0x1f1 ..\obj\misc.o
                                0x40a (size before relaxing)
 .debug_str     0x000020df      0xa3a ..\obj\stm32f4xx_tim.o
                                0xe0c (size before relaxing)

.comment        0x00000000       0x70
 .comment       0x00000000       0x70 ..\obj\stm32f4xx_syscfg.o
                                 0x71 (size before relaxing)
 .comment       0x00000000       0x71 ..\obj\LIS3DSH.o
 .comment       0x00000000       0x71 ..\obj\startup_stm32f4xx.o
 .comment       0x00000000       0x71 ..\obj\main.o
 .comment       0x00000000       0x71 ..\obj\stm32f4xx_rcc.o
 .comment       0x00000000       0x71 ..\obj\stm32f4xx_gpio.o
 .comment       0x00000000       0x71 ..\obj\stm32f4xx_spi.o
 .comment       0x00000000       0x71 ..\obj\bsp.o
 .comment       0x00000000       0x71 ..\obj\stm32f4xx_exti.o
 .comment       0x00000000       0x71 ..\obj\misc.o
 .comment       0x00000000       0x71 ..\obj\stm32f4xx_tim.o

.ARM.attributes
                0x00000000       0x33
 .ARM.attributes
                0x00000000       0x33 ..\obj\stm32f4xx_syscfg.o
 .ARM.attributes
                0x00000033       0x33 ..\obj\LIS3DSH.o
 .ARM.attributes
                0x00000066       0x33 ..\obj\startup_stm32f4xx.o
 .ARM.attributes
                0x00000099       0x33 ..\obj\main.o
 .ARM.attributes
                0x000000cc       0x33 ..\obj\stm32f4xx_rcc.o
 .ARM.attributes
                0x000000ff       0x33 ..\obj\stm32f4xx_gpio.o
 .ARM.attributes
                0x00000132       0x33 ..\obj\stm32f4xx_spi.o
 .ARM.attributes
                0x00000165       0x33 ..\obj\bsp.o
 .ARM.attributes
                0x00000198       0x33 ..\obj\stm32f4xx_exti.o
 .ARM.attributes
                0x000001cb       0x33 ..\obj\misc.o
 .ARM.attributes
                0x000001fe       0x33 ..\obj\stm32f4xx_tim.o
 .ARM.attributes
                0x00000231       0x1e c:/program files (x86)/gnu tools arm embedded/4.8 2014q2/bin/../lib/gcc/arm-none-eabi/4.8.4/armv7e-m\libgcc.a(_arm_addsubsf3.o)
 .ARM.attributes
                0x0000024f       0x1e c:/program files (x86)/gnu tools arm embedded/4.8 2014q2/bin/../lib/gcc/arm-none-eabi/4.8.4/armv7e-m\libgcc.a(_arm_muldivsf3.o)
 .ARM.attributes
                0x0000026d       0x1e c:/program files (x86)/gnu tools arm embedded/4.8 2014q2/bin/../lib/gcc/arm-none-eabi/4.8.4/armv7e-m\libgcc.a(_arm_cmpsf2.o)
 .ARM.attributes
                0x0000028b       0x1e c:/program files (x86)/gnu tools arm embedded/4.8 2014q2/bin/../lib/gcc/arm-none-eabi/4.8.4/armv7e-m\libgcc.a(_arm_fixsfsi.o)

.debug_frame    0x00000000     0x19b0
 .debug_frame   0x00000000       0xbc ..\obj\stm32f4xx_syscfg.o
 .debug_frame   0x000000bc      0x14c ..\obj\LIS3DSH.o
 .debug_frame   0x00000208       0x48 ..\obj\startup_stm32f4xx.o
 .debug_frame   0x00000250       0xa0 ..\obj\main.o
 .debug_frame   0x000002f0      0x4d8 ..\obj\stm32f4xx_rcc.o
 .debug_frame   0x000007c8      0x19c ..\obj\stm32f4xx_gpio.o
 .debug_frame   0x00000964      0x2d0 ..\obj\stm32f4xx_spi.o
 .debug_frame   0x00000c34      0x1b8 ..\obj\bsp.o
 .debug_frame   0x00000dec       0xec ..\obj\stm32f4xx_exti.o
 .debug_frame   0x00000ed8       0x9c ..\obj\misc.o
 .debug_frame   0x00000f74      0xa3c ..\obj\stm32f4xx_tim.o
